#2026 09 08 04:41:32.442#Z#DEBUG#6ba4873a-ab3f-11f1-8ea7-eeee0a8eb34a.ResilienceCockpit-srv#flowable-async-job-executor-thread-4580#
[PollStageAppStatusExecution] 846298f7-a9cf-4b9f-a20b-63e370407f6e [2026-09-08T04:40:43.629370] Updated app with guid 846298f7-a9cf-4b9f-a20b-63e370407f6e ({"lifecycle"=>{"data"=>{"buildpacks"=>["nodejs_buildpack"]}, "type"=>"buildpack"}}) (STDOUT, API)#
#2026 09 08 04:41:32.442#Z#DEBUG#6ba4873a-ab3f-11f1-8ea7-eeee0a8eb34a.ResilienceCockpit-srv#flowable-async-job-executor-thread-4580#
[PollStageAppStatusExecution] 846298f7-a9cf-4b9f-a20b-63e370407f6e [2026-09-08T04:40:43.715312] Updating process: "web" (STDOUT, API)#
#2026 09 08 04:41:32.442#Z#DEBUG#6ba4873a-ab3f-11f1-8ea7-eeee0a8eb34a.ResilienceCockpit-srv#flowable-async-job-executor-thread-4580#
[PollStageAppStatusExecution] 846298f7-a9cf-4b9f-a20b-63e370407f6e [2026-09-08T04:41:12.717937] Uploading app package for app with guid 846298f7-a9cf-4b9f-a20b-63e370407f6e (STDOUT, API)#
#2026 09 08 04:41:32.442#Z#DEBUG#6ba4873a-ab3f-11f1-8ea7-eeee0a8eb34a.ResilienceCockpit-srv#flowable-async-job-executor-thread-4580#
[PollStageAppStatusExecution] 846298f7-a9cf-4b9f-a20b-63e370407f6e [2026-09-08T04:41:12.892761] Updated app with guid 846298f7-a9cf-4b9f-a20b-63e370407f6e ({"environment_variables"=>"[PRIVATE DATA HIDDEN]"}) (STDOUT, API)#
#2026 09 08 04:41:32.442#Z#DEBUG#6ba4873a-ab3f-11f1-8ea7-eeee0a8eb34a.ResilienceCockpit-srv#flowable-async-job-executor-thread-4580#
[PollStageAppStatusExecution] 846298f7-a9cf-4b9f-a20b-63e370407f6e [2026-09-08T04:41:22.610200] Creating build for app with guid 846298f7-a9cf-4b9f-a20b-63e370407f6e (STDOUT, API)#
#2026 09 08 04:41:32.442#Z#DEBUG#6ba4873a-ab3f-11f1-8ea7-eeee0a8eb34a.ResilienceCockpit-srv#flowable-async-job-executor-thread-4580#
[PollStageAppStatusExecution] 846298f7-a9cf-4b9f-a20b-63e370407f6e [2026-09-08T04:41:22.916146] Downloading nodejs_buildpack... (STDOUT, STG)#
#2026 09 08 04:41:32.442#Z#DEBUG#6ba4873a-ab3f-11f1-8ea7-eeee0a8eb34a.ResilienceCockpit-srv#flowable-async-job-executor-thread-4580#
[PollStageAppStatusExecution] 846298f7-a9cf-4b9f-a20b-63e370407f6e [2026-09-08T04:41:22.957286] Downloaded nodejs_buildpack (STDOUT, STG)#
#2026 09 08 04:41:32.442#Z#DEBUG#6ba4873a-ab3f-11f1-8ea7-eeee0a8eb34a.ResilienceCockpit-srv#flowable-async-job-executor-thread-4580#
[PollStageAppStatusExecution] 846298f7-a9cf-4b9f-a20b-63e370407f6e [2026-09-08T04:41:22.957381] Cell cdd66a98-00c8-41cf-94b2-8f9408d19596 creating container for instance 9010a4ee-6716-444f-b771-6f5f78982dc1 (STDOUT, STG)#
#2026 09 08 04:41:32.442#Z#DEBUG#6ba4873a-ab3f-11f1-8ea7-eeee0a8eb34a.ResilienceCockpit-srv#flowable-async-job-executor-thread-4580#
[PollStageAppStatusExecution] 846298f7-a9cf-4b9f-a20b-63e370407f6e [2026-09-08T04:41:23.270091] Security group rules were updated (STDOUT, STG)#
#2026 09 08 04:41:32.442#Z#DEBUG#6ba4873a-ab3f-11f1-8ea7-eeee0a8eb34a.ResilienceCockpit-srv#flowable-async-job-executor-thread-4580#
[PollStageAppStatusExecution] 846298f7-a9cf-4b9f-a20b-63e370407f6e [2026-09-08T04:41:23.331680] Cell cdd66a98-00c8-41cf-94b2-8f9408d19596 successfully created container for instance 9010a4ee-6716-444f-b771-6f5f78982dc1 (STDOUT, STG)#
#2026 09 08 04:41:32.442#Z#DEBUG#6ba4873a-ab3f-11f1-8ea7-eeee0a8eb34a.ResilienceCockpit-srv#flowable-async-job-executor-thread-4580#
[PollStageAppStatusExecution] 846298f7-a9cf-4b9f-a20b-63e370407f6e [2026-09-08T04:41:23.641860] Downloading app package... (STDOUT, STG)#
#2026 09 08 04:41:32.442#Z#DEBUG#6ba4873a-ab3f-11f1-8ea7-eeee0a8eb34a.ResilienceCockpit-srv#flowable-async-job-executor-thread-4580#
[PollStageAppStatusExecution] 846298f7-a9cf-4b9f-a20b-63e370407f6e [2026-09-08T04:41:23.641909] Downloading build artifacts cache... (STDOUT, STG)#
#2026 09 08 04:41:32.442#Z#DEBUG#6ba4873a-ab3f-11f1-8ea7-eeee0a8eb34a.ResilienceCockpit-srv#flowable-async-job-executor-thread-4580#
[PollStageAppStatusExecution] 846298f7-a9cf-4b9f-a20b-63e370407f6e [2026-09-08T04:41:23.723618] Downloaded build artifacts cache (225B) (STDOUT, STG)#
#2026 09 08 04:41:32.442#Z#DEBUG#6ba4873a-ab3f-11f1-8ea7-eeee0a8eb34a.ResilienceCockpit-srv#flowable-async-job-executor-thread-4580#
[PollStageAppStatusExecution] 846298f7-a9cf-4b9f-a20b-63e370407f6e [2026-09-08T04:41:24.692351] Downloaded app package (15.4M) (STDOUT, STG)#
#2026 09 08 04:41:32.442#Z#DEBUG#6ba4873a-ab3f-11f1-8ea7-eeee0a8eb34a.ResilienceCockpit-srv#flowable-async-job-executor-thread-4580#
[PollStageAppStatusExecution] 846298f7-a9cf-4b9f-a20b-63e370407f6e [2026-09-08T04:41:24.743268] -----> Nodejs Buildpack version 1.9.3 (STDOUT, STG)#
#2026 09 08 04:41:32.442#Z#DEBUG#6ba4873a-ab3f-11f1-8ea7-eeee0a8eb34a.ResilienceCockpit-srv#flowable-async-job-executor-thread-4580#
[PollStageAppStatusExecution] 846298f7-a9cf-4b9f-a20b-63e370407f6e [2026-09-08T04:41:25.117567] -----> Bootstrapping python (STDOUT, STG)#
#2026 09 08 04:41:32.442#Z#DEBUG#6ba4873a-ab3f-11f1-8ea7-eeee0a8eb34a.ResilienceCockpit-srv#flowable-async-job-executor-thread-4580#
[PollStageAppStatusExecution] 846298f7-a9cf-4b9f-a20b-63e370407f6e [2026-09-08T04:41:25.117584] -----> Installing python 3.13.14 (STDOUT, STG)#
#2026 09 08 04:41:32.442#Z#DEBUG#6ba4873a-ab3f-11f1-8ea7-eeee0a8eb34a.ResilienceCockpit-srv#flowable-async-job-executor-thread-4580#
[PollStageAppStatusExecution] 846298f7-a9cf-4b9f-a20b-63e370407f6e [2026-09-08T04:41:25.117588] Copy [/tmp/buildpacks/adc5840e3e50b48d/dependencies/4b4266a2ff36730aef37b88b668ca327/python_3.13.14_linux_x64_cflinuxfs4_b80d4954.tgz] (STDOUT, STG)#
#2026 09 08 04:41:32.442#Z#DEBUG#6ba4873a-ab3f-11f1-8ea7-eeee0a8eb34a.ResilienceCockpit-srv#flowable-async-job-executor-thread-4580#
[PollStageAppStatusExecution] 846298f7-a9cf-4b9f-a20b-63e370407f6e [2026-09-08T04:41:28.127] -----> Installing binaries (STDOUT, STG)#
#2026 09 08 04:41:32.442#Z#DEBUG#6ba4873a-ab3f-11f1-8ea7-eeee0a8eb34a.ResilienceCockpit-srv#flowable-async-job-executor-thread-4580#
[PollStageAppStatusExecution] 846298f7-a9cf-4b9f-a20b-63e370407f6e [2026-09-08T04:41:28.127074] engines.node (package.json): >=20 (STDOUT, STG)#
#2026 09 08 04:41:32.442#Z#DEBUG#6ba4873a-ab3f-11f1-8ea7-eeee0a8eb34a.ResilienceCockpit-srv#flowable-async-job-executor-thread-4580#
[PollStageAppStatusExecution] 846298f7-a9cf-4b9f-a20b-63e370407f6e [2026-09-08T04:41:28.127088] engines.npm (package.json): unspecified (use default) (STDOUT, STG)#
#2026 09 08 04:41:32.442#Z#DEBUG#6ba4873a-ab3f-11f1-8ea7-eeee0a8eb34a.ResilienceCockpit-srv#flowable-async-job-executor-thread-4580#
[PollStageAppStatusExecution] 846298f7-a9cf-4b9f-a20b-63e370407f6e [2026-09-08T04:41:28.127097] [31;1m**WARNING**[0m Dangerous semver range (>) in engines.node. See: http://docs.cloudfoundry.org/buildpacks/node/node-tips.html (STDOUT, STG)#
#2026 09 08 04:41:32.442#Z#DEBUG#6ba4873a-ab3f-11f1-8ea7-eeee0a8eb34a.ResilienceCockpit-srv#flowable-async-job-executor-thread-4580#
[PollStageAppStatusExecution] 846298f7-a9cf-4b9f-a20b-63e370407f6e [2026-09-08T04:41:28.127196] -----> Installing node 24.18.0 (STDOUT, STG)#
#2026 09 08 04:41:32.442#Z#DEBUG#6ba4873a-ab3f-11f1-8ea7-eeee0a8eb34a.ResilienceCockpit-srv#flowable-async-job-executor-thread-4580#
[PollStageAppStatusExecution] 846298f7-a9cf-4b9f-a20b-63e370407f6e [2026-09-08T04:41:28.127375] Copy [/tmp/buildpacks/adc5840e3e50b48d/dependencies/dffbbb835fcd073c4544f78eb6247fac/node_24.18.0_linux_x64_cflinuxfs4_cdfed650.tgz] (STDOUT, STG)#
#2026 09 08 04:41:32.442#Z#DEBUG#6ba4873a-ab3f-11f1-8ea7-eeee0a8eb34a.ResilienceCockpit-srv#flowable-async-job-executor-thread-4580#
[PollStageAppStatusExecution] 846298f7-a9cf-4b9f-a20b-63e370407f6e [2026-09-08T04:41:29.872526] Using default npm version: 11.16.0 (STDOUT, STG)#
#2026 09 08 04:41:32.442#Z#DEBUG#6ba4873a-ab3f-11f1-8ea7-eeee0a8eb34a.ResilienceCockpit-srv#flowable-async-job-executor-thread-4580#
[PollStageAppStatusExecution] 846298f7-a9cf-4b9f-a20b-63e370407f6e [2026-09-08T04:41:29.872562] -----> Installing yarn 1.22.22 (STDOUT, STG)#
#2026 09 08 04:41:32.442#Z#DEBUG#6ba4873a-ab3f-11f1-8ea7-eeee0a8eb34a.ResilienceCockpit-srv#flowable-async-job-executor-thread-4580#
[PollStageAppStatusExecution] 846298f7-a9cf-4b9f-a20b-63e370407f6e [2026-09-08T04:41:29.872857] Copy [/tmp/buildpacks/adc5840e3e50b48d/dependencies/e4fe26756e9984a665478d350474fa2e/yarn_1.22.22_linux_noarch_any-stack_b6132b86.tgz] (STDOUT, STG)#
#2026 09 08 04:41:32.442#Z#DEBUG#6ba4873a-ab3f-11f1-8ea7-eeee0a8eb34a.ResilienceCockpit-srv#flowable-async-job-executor-thread-4580#
[PollStageAppStatusExecution] 846298f7-a9cf-4b9f-a20b-63e370407f6e [2026-09-08T04:41:30.117757] Installed yarn 1.22.22 (STDOUT, STG)#
#2026 09 08 04:41:32.442#Z#DEBUG#6ba4873a-ab3f-11f1-8ea7-eeee0a8eb34a.ResilienceCockpit-srv#flowable-async-job-executor-thread-4580#
[PollStageAppStatusExecution] 846298f7-a9cf-4b9f-a20b-63e370407f6e [2026-09-08T04:41:30.117790] -----> Creating runtime environment (STDOUT, STG)#
#2026 09 08 04:41:32.442#Z#DEBUG#6ba4873a-ab3f-11f1-8ea7-eeee0a8eb34a.ResilienceCockpit-srv#flowable-async-job-executor-thread-4580#
[PollStageAppStatusExecution] 846298f7-a9cf-4b9f-a20b-63e370407f6e [2026-09-08T04:41:30.119039] NODE_ENV=production (STDOUT, STG)#
#2026 09 08 04:41:32.442#Z#DEBUG#6ba4873a-ab3f-11f1-8ea7-eeee0a8eb34a.ResilienceCockpit-srv#flowable-async-job-executor-thread-4580#
[PollStageAppStatusExecution] 846298f7-a9cf-4b9f-a20b-63e370407f6e [2026-09-08T04:41:30.119061] NODE_HOME=/tmp/contents1602931359/deps/0/node (STDOUT, STG)#
#2026 09 08 04:41:32.442#Z#DEBUG#6ba4873a-ab3f-11f1-8ea7-eeee0a8eb34a.ResilienceCockpit-srv#flowable-async-job-executor-thread-4580#
[PollStageAppStatusExecution] 846298f7-a9cf-4b9f-a20b-63e370407f6e [2026-09-08T04:41:30.119065] NODE_MODULES_CACHE=true (STDOUT, STG)#
#2026 09 08 04:41:32.442#Z#DEBUG#6ba4873a-ab3f-11f1-8ea7-eeee0a8eb34a.ResilienceCockpit-srv#flowable-async-job-executor-thread-4580#
[PollStageAppStatusExecution] 846298f7-a9cf-4b9f-a20b-63e370407f6e [2026-09-08T04:41:30.119068] NODE_VERBOSE=false (STDOUT, STG)#
#2026 09 08 04:41:32.442#Z#DEBUG#6ba4873a-ab3f-11f1-8ea7-eeee0a8eb34a.ResilienceCockpit-srv#flowable-async-job-executor-thread-4580#
[PollStageAppStatusExecution] 846298f7-a9cf-4b9f-a20b-63e370407f6e [2026-09-08T04:41:30.119075] NPM_CONFIG_LOGLEVEL=error (STDOUT, STG)#
#2026 09 08 04:41:32.442#Z#DEBUG#6ba4873a-ab3f-11f1-8ea7-eeee0a8eb34a.ResilienceCockpit-srv#flowable-async-job-executor-thread-4580#
[PollStageAppStatusExecution] 846298f7-a9cf-4b9f-a20b-63e370407f6e [2026-09-08T04:41:30.119082] NPM_CONFIG_PRODUCTION=true (STDOUT, STG)#
#2026 09 08 04:41:32.442#Z#DEBUG#6ba4873a-ab3f-11f1-8ea7-eeee0a8eb34a.ResilienceCockpit-srv#flowable-async-job-executor-thread-4580#
[PollStageAppStatusExecution] 846298f7-a9cf-4b9f-a20b-63e370407f6e [2026-09-08T04:41:30.119086] -----> Building dependencies (STDOUT, STG)#
#2026 09 08 04:41:32.442#Z#DEBUG#6ba4873a-ab3f-11f1-8ea7-eeee0a8eb34a.ResilienceCockpit-srv#flowable-async-job-executor-thread-4580#
[PollStageAppStatusExecution] 846298f7-a9cf-4b9f-a20b-63e370407f6e [2026-09-08T04:41:30.119092] Prebuild detected (node_modules already exists) (STDOUT, STG)#
#2026 09 08 04:41:32.442#Z#DEBUG#6ba4873a-ab3f-11f1-8ea7-eeee0a8eb34a.ResilienceCockpit-srv#flowable-async-job-executor-thread-4580#
[PollStageAppStatusExecution] 846298f7-a9cf-4b9f-a20b-63e370407f6e [2026-09-08T04:41:30.119096] Rebuilding any native modules (STDOUT, STG)#
#2026 09 08 04:41:32.442#Z#DEBUG#6ba4873a-ab3f-11f1-8ea7-eeee0a8eb34a.ResilienceCockpit-srv#flowable-async-job-executor-thread-4580#
[PollStageAppStatusExecution] 846298f7-a9cf-4b9f-a20b-63e370407f6e [2026-09-08T04:41:30.704774] rebuilt dependencies successfully (STDOUT, STG)#
#2026 09 08 04:41:32.442#Z#DEBUG#6ba4873a-ab3f-11f1-8ea7-eeee0a8eb34a.ResilienceCockpit-srv#flowable-async-job-executor-thread-4580#
[PollStageAppStatusExecution] 846298f7-a9cf-4b9f-a20b-63e370407f6e [2026-09-08T04:41:30.706279] npm notice (STDOUT, STG)#
#2026 09 08 04:41:32.442#Z#DEBUG#6ba4873a-ab3f-11f1-8ea7-eeee0a8eb34a.ResilienceCockpit-srv#flowable-async-job-executor-thread-4580#
[PollStageAppStatusExecution] 846298f7-a9cf-4b9f-a20b-63e370407f6e [2026-09-08T04:41:30.706313] npm notice New major version of npm available! 11.16.0 -> 12.0.2 (STDOUT, STG)#
#2026 09 08 04:41:32.442#Z#DEBUG#6ba4873a-ab3f-11f1-8ea7-eeee0a8eb34a.ResilienceCockpit-srv#flowable-async-job-executor-thread-4580#
[PollStageAppStatusExecution] 846298f7-a9cf-4b9f-a20b-63e370407f6e [2026-09-08T04:41:30.706326] npm notice Changelog: https://github.com/npm/cli/releases/tag/v12.0.2 (STDOUT, STG)#
#2026 09 08 04:41:32.442#Z#DEBUG#6ba4873a-ab3f-11f1-8ea7-eeee0a8eb34a.ResilienceCockpit-srv#flowable-async-job-executor-thread-4580#
[PollStageAppStatusExecution] 846298f7-a9cf-4b9f-a20b-63e370407f6e [2026-09-08T04:41:30.706331] npm notice To update run: npm install -g npm@12.0.2 (STDOUT, STG)#
#2026 09 08 04:41:32.442#Z#DEBUG#6ba4873a-ab3f-11f1-8ea7-eeee0a8eb34a.ResilienceCockpit-srv#flowable-async-job-executor-thread-4580#
[PollStageAppStatusExecution] 846298f7-a9cf-4b9f-a20b-63e370407f6e [2026-09-08T04:41:30.706335] npm notice (STDOUT, STG)#
#2026 09 08 04:41:32.442#Z#DEBUG#6ba4873a-ab3f-11f1-8ea7-eeee0a8eb34a.ResilienceCockpit-srv#flowable-async-job-executor-thread-4580#
[PollStageAppStatusExecution] 846298f7-a9cf-4b9f-a20b-63e370407f6e [2026-09-08T04:41:30.754305] Installing any new modules (package.json + package-lock.json) (STDOUT, STG)#
#2026 09 08 04:41:32.442#Z#DEBUG#6ba4873a-ab3f-11f1-8ea7-eeee0a8eb34a.ResilienceCockpit-srv#flowable-async-job-executor-thread-4580#
[PollStageAppStatusExecution] 846298f7-a9cf-4b9f-a20b-63e370407f6e [2026-09-08T04:41:31.554021] up to date in 740ms (STDOUT, STG)#
#2026 09 08 04:41:32.442#Z#DEBUG#6ba4873a-ab3f-11f1-8ea7-eeee0a8eb34a.ResilienceCockpit-srv#flowable-async-job-executor-thread-4580#
[PollStageAppStatusExecution] 846298f7-a9cf-4b9f-a20b-63e370407f6e [2026-09-08T04:41:31.554247] 37 packages are looking for funding (STDOUT, STG)#
#2026 09 08 04:41:32.442#Z#DEBUG#6ba4873a-ab3f-11f1-8ea7-eeee0a8eb34a.ResilienceCockpit-srv#flowable-async-job-executor-thread-4580#
[PollStageAppStatusExecution] 846298f7-a9cf-4b9f-a20b-63e370407f6e [2026-09-08T04:41:31.554270] run `npm fund` for details (STDOUT, STG)#
#2026 09 08 04:41:42.451#Z#DEBUG#6ba4873a-ab3f-11f1-8ea7-eeee0a8eb34a.ResilienceCockpit-srv#flowable-async-job-executor-thread-4585#
[PollStageAppStatusExecution] 846298f7-a9cf-4b9f-a20b-63e370407f6e [2026-09-08T04:41:32.316414] Contrast Security no credentials found. Will not write environment files. (STDOUT, STG)#
#2026 09 08 04:41:52.449#Z#DEBUG#6ba4873a-ab3f-11f1-8ea7-eeee0a8eb34a.ResilienceCockpit-srv#flowable-async-job-executor-thread-4595#
[PollStageAppStatusExecution] 846298f7-a9cf-4b9f-a20b-63e370407f6e [2026-09-08T04:41:43.703527] Exit status 0 (STDOUT, STG)#
#2026 09 08 04:41:52.449#Z#DEBUG#6ba4873a-ab3f-11f1-8ea7-eeee0a8eb34a.ResilienceCockpit-srv#flowable-async-job-executor-thread-4595#
[PollStageAppStatusExecution] 846298f7-a9cf-4b9f-a20b-63e370407f6e [2026-09-08T04:41:43.703588] Uploading droplet, build artifacts cache... (STDOUT, STG)#
#2026 09 08 04:41:52.449#Z#DEBUG#6ba4873a-ab3f-11f1-8ea7-eeee0a8eb34a.ResilienceCockpit-srv#flowable-async-job-executor-thread-4595#
[PollStageAppStatusExecution] 846298f7-a9cf-4b9f-a20b-63e370407f6e [2026-09-08T04:41:43.703641] Uploading droplet... (STDOUT, STG)#
#2026 09 08 04:41:52.449#Z#DEBUG#6ba4873a-ab3f-11f1-8ea7-eeee0a8eb34a.ResilienceCockpit-srv#flowable-async-job-executor-thread-4595#
[PollStageAppStatusExecution] 846298f7-a9cf-4b9f-a20b-63e370407f6e [2026-09-08T04:41:43.703678] Uploading build artifacts cache... (STDOUT, STG)#
#2026 09 08 04:41:52.449#Z#DEBUG#6ba4873a-ab3f-11f1-8ea7-eeee0a8eb34a.ResilienceCockpit-srv#flowable-async-job-executor-thread-4595#
[PollStageAppStatusExecution] 846298f7-a9cf-4b9f-a20b-63e370407f6e [2026-09-08T04:41:43.724055] Uploaded build artifacts cache (223B) (STDOUT, STG)#
#2026 09 08 04:41:52.449#Z#DEBUG#6ba4873a-ab3f-11f1-8ea7-eeee0a8eb34a.ResilienceCockpit-srv#flowable-async-job-executor-thread-4595#
[PollStageAppStatusExecution] 846298f7-a9cf-4b9f-a20b-63e370407f6e [2026-09-08T04:41:44.348794] Creating droplet for app with guid 846298f7-a9cf-4b9f-a20b-63e370407f6e (STDOUT, API)#
#2026 09 08 04:41:52.449#Z#DEBUG#6ba4873a-ab3f-11f1-8ea7-eeee0a8eb34a.ResilienceCockpit-srv#flowable-async-job-executor-thread-4595#
[PollStageAppStatusExecution] 846298f7-a9cf-4b9f-a20b-63e370407f6e [2026-09-08T04:41:50.441934] Uploaded droplet (70.5M) (STDOUT, STG)#
#2026 09 08 04:41:52.449#Z#DEBUG#6ba4873a-ab3f-11f1-8ea7-eeee0a8eb34a.ResilienceCockpit-srv#flowable-async-job-executor-thread-4595#
[PollStageAppStatusExecution] 846298f7-a9cf-4b9f-a20b-63e370407f6e [2026-09-08T04:41:50.459115] Uploading complete (STDOUT, STG)#
#2026 09 08 04:41:52.449#Z#DEBUG#6ba4873a-ab3f-11f1-8ea7-eeee0a8eb34a.ResilienceCockpit-srv#flowable-async-job-executor-thread-4595#
[PollStageAppStatusExecution] 846298f7-a9cf-4b9f-a20b-63e370407f6e [2026-09-08T04:41:51.298540] Cell cdd66a98-00c8-41cf-94b2-8f9408d19596 stopping instance 9010a4ee-6716-444f-b771-6f5f78982dc1 (STDOUT, STG)#
#2026 09 08 04:41:52.449#Z#DEBUG#6ba4873a-ab3f-11f1-8ea7-eeee0a8eb34a.ResilienceCockpit-srv#flowable-async-job-executor-thread-4595#
[PollStageAppStatusExecution] 846298f7-a9cf-4b9f-a20b-63e370407f6e [2026-09-08T04:41:51.298562] Cell cdd66a98-00c8-41cf-94b2-8f9408d19596 destroying container for instance 9010a4ee-6716-444f-b771-6f5f78982dc1 (STDOUT, STG)#
#2026 09 08 04:41:52.449#Z#DEBUG#6ba4873a-ab3f-11f1-8ea7-eeee0a8eb34a.ResilienceCockpit-srv#flowable-async-job-executor-thread-4595#
[PollStageAppStatusExecution] 846298f7-a9cf-4b9f-a20b-63e370407f6e [2026-09-08T04:41:51.369825] Staging complete for build 9010a4ee-6716-444f-b771-6f5f78982dc1 (STDOUT, API)#
#2026 09 08 04:42:02.461#Z#DEBUG#6ba4873a-ab3f-11f1-8ea7-eeee0a8eb34a.ResilienceCockpit-srv#flowable-async-job-executor-thread-4604#
[PollStartAppStatusExecution] 846298f7-a9cf-4b9f-a20b-63e370407f6e [2026-09-08T04:41:52.514027] Updated app with guid 846298f7-a9cf-4b9f-a20b-63e370407f6e ({:droplet_guid=>"6a3895a4-10c0-4233-b66e-beecb62cae43"}) (STDOUT, API)#
#2026 09 08 04:42:02.461#Z#DEBUG#6ba4873a-ab3f-11f1-8ea7-eeee0a8eb34a.ResilienceCockpit-srv#flowable-async-job-executor-thread-4604#
[PollStartAppStatusExecution] 846298f7-a9cf-4b9f-a20b-63e370407f6e [2026-09-08T04:41:52.660221] Creating revision for app with guid 846298f7-a9cf-4b9f-a20b-63e370407f6e (STDOUT, API)#
#2026 09 08 04:42:02.461#Z#DEBUG#6ba4873a-ab3f-11f1-8ea7-eeee0a8eb34a.ResilienceCockpit-srv#flowable-async-job-executor-thread-4604#
[PollStartAppStatusExecution] 846298f7-a9cf-4b9f-a20b-63e370407f6e [2026-09-08T04:41:52.714522] Starting app with guid 846298f7-a9cf-4b9f-a20b-63e370407f6e (STDOUT, API)#
#2026 09 08 04:42:02.461#Z#DEBUG#6ba4873a-ab3f-11f1-8ea7-eeee0a8eb34a.ResilienceCockpit-srv#flowable-async-job-executor-thread-4604#
[PollStartAppStatusExecution] 846298f7-a9cf-4b9f-a20b-63e370407f6e [2026-09-08T04:41:52.915076] Cell 8f564f12-d570-40b1-98f9-bd9350382f67 creating container for instance ec9f7976-4adb-4304-5002-2d51 (STDOUT, CELL)#
#2026 09 08 04:42:02.461#Z#DEBUG#6ba4873a-ab3f-11f1-8ea7-eeee0a8eb34a.ResilienceCockpit-srv#flowable-async-job-executor-thread-4604#
[PollStartAppStatusExecution] 846298f7-a9cf-4b9f-a20b-63e370407f6e [2026-09-08T04:41:53.148332] Cell cdd66a98-00c8-41cf-94b2-8f9408d19596 successfully destroyed container for instance 9010a4ee-6716-444f-b771-6f5f78982dc1 (STDOUT, STG)#
#2026 09 08 04:42:02.461#Z#DEBUG#6ba4873a-ab3f-11f1-8ea7-eeee0a8eb34a.ResilienceCockpit-srv#flowable-async-job-executor-thread-4604#
[PollStartAppStatusExecution] 846298f7-a9cf-4b9f-a20b-63e370407f6e [2026-09-08T04:41:53.244539] Security group rules were updated (STDOUT, CELL)#
#2026 09 08 04:42:02.461#Z#DEBUG#6ba4873a-ab3f-11f1-8ea7-eeee0a8eb34a.ResilienceCockpit-srv#flowable-async-job-executor-thread-4604#
[PollStartAppStatusExecution] 846298f7-a9cf-4b9f-a20b-63e370407f6e [2026-09-08T04:41:53.307235] Cell 8f564f12-d570-40b1-98f9-bd9350382f67 successfully created container for instance ec9f7976-4adb-4304-5002-2d51 (STDOUT, CELL)#
#2026 09 08 04:42:02.461#Z#DEBUG#6ba4873a-ab3f-11f1-8ea7-eeee0a8eb34a.ResilienceCockpit-srv#flowable-async-job-executor-thread-4604#
[PollStartAppStatusExecution] 846298f7-a9cf-4b9f-a20b-63e370407f6e [2026-09-08T04:41:53.615372] Downloading droplet... (STDOUT, CELL)#
#2026 09 08 04:42:02.461#Z#DEBUG#6ba4873a-ab3f-11f1-8ea7-eeee0a8eb34a.ResilienceCockpit-srv#flowable-async-job-executor-thread-4604#
[PollStartAppStatusExecution] 846298f7-a9cf-4b9f-a20b-63e370407f6e [2026-09-08T04:41:57.145469] Downloaded droplet (70.5M) (STDOUT, CELL)#
#2026 09 08 04:42:02.461#Z#DEBUG#6ba4873a-ab3f-11f1-8ea7-eeee0a8eb34a.ResilienceCockpit-srv#flowable-async-job-executor-thread-4604#
[PollStartAppStatusExecution] 846298f7-a9cf-4b9f-a20b-63e370407f6e [2026-09-08T04:41:57.145582] Starting health monitoring of container (STDOUT, CELL)#
#2026 09 08 04:42:02.461#Z#DEBUG#6ba4873a-ab3f-11f1-8ea7-eeee0a8eb34a.ResilienceCockpit-srv#flowable-async-job-executor-thread-4604#
[PollStartAppStatusExecution] 846298f7-a9cf-4b9f-a20b-63e370407f6e [2026-09-08T04:41:57.198099] Invoking pre-start scripts. (STDOUT, APP/PROC/WEB)#
#2026 09 08 04:42:02.461#Z#DEBUG#6ba4873a-ab3f-11f1-8ea7-eeee0a8eb34a.ResilienceCockpit-srv#flowable-async-job-executor-thread-4604#
[PollStartAppStatusExecution] 846298f7-a9cf-4b9f-a20b-63e370407f6e [2026-09-08T04:41:57.339181] Invoking start command. (STDOUT, APP/PROC/WEB)#
#2026 09 08 04:42:02.461#Z#DEBUG#6ba4873a-ab3f-11f1-8ea7-eeee0a8eb34a.ResilienceCockpit-srv#flowable-async-job-executor-thread-4604#
[PollStartAppStatusExecution] 846298f7-a9cf-4b9f-a20b-63e370407f6e [2026-09-08T04:41:57.633283] > ResilienceCockpit@1.0.0 start (STDOUT, APP/PROC/WEB)#
#2026 09 08 04:42:02.461#Z#DEBUG#6ba4873a-ab3f-11f1-8ea7-eeee0a8eb34a.ResilienceCockpit-srv#flowable-async-job-executor-thread-4604#
[PollStartAppStatusExecution] 846298f7-a9cf-4b9f-a20b-63e370407f6e [2026-09-08T04:41:57.633306] > cds-serve (STDOUT, APP/PROC/WEB)#
#2026 09 08 04:42:02.461#Z#DEBUG#6ba4873a-ab3f-11f1-8ea7-eeee0a8eb34a.ResilienceCockpit-srv#flowable-async-job-executor-thread-4604#
[PollStartAppStatusExecution] 846298f7-a9cf-4b9f-a20b-63e370407f6e [2026-09-08T04:41:57.809142] [cds] - bootstrapping from { file: 'srv/server.js' } (STDOUT, APP/PROC/WEB)#
#2026 09 08 04:42:02.461#Z#DEBUG#6ba4873a-ab3f-11f1-8ea7-eeee0a8eb34a.ResilienceCockpit-srv#flowable-async-job-executor-thread-4604#
[PollStartAppStatusExecution] 846298f7-a9cf-4b9f-a20b-63e370407f6e [2026-09-08T04:41:58.000772] {"level":"info","logger":"cds","timestamp":"2026-09-08T04:41:57.999Z","layer":"cds","component_type":"application","container_id":"10.37.194.4","component_id":"846298f7-a9cf-4b9f-a20b-63e370407f6e","component_name":"ResilienceCockpit-srv","component_instance":0,"source_instance":0,"organization_name":"94060551trial","organization_id":"78e7b825-503f-4bdc-af4e-be86d7f43c8e","space_name":"dev","space_id":"039a1fe6-69a4-4c1e-9b8f-a64d47329d3e","msg":"loaded model from 1 file(s):\n ","type":"log"} (STDOUT, APP/PROC/WEB)#
#2026 09 08 04:42:02.461#Z#DEBUG#6ba4873a-ab3f-11f1-8ea7-eeee0a8eb34a.ResilienceCockpit-srv#flowable-async-job-executor-thread-4604#
[PollStartAppStatusExecution] 846298f7-a9cf-4b9f-a20b-63e370407f6e [2026-09-08T04:41:58.000809] srv/csn.json (STDOUT, APP/PROC/WEB)#
#2026 09 08 04:42:02.461#Z#DEBUG#6ba4873a-ab3f-11f1-8ea7-eeee0a8eb34a.ResilienceCockpit-srv#flowable-async-job-executor-thread-4604#
[PollStartAppStatusExecution] 846298f7-a9cf-4b9f-a20b-63e370407f6e [2026-09-08T04:41:58.181449] {"level":"info","logger":"cds","timestamp":"2026-09-08T04:41:58.180Z","layer":"cds","component_type":"application","container_id":"10.37.194.4","component_id":"846298f7-a9cf-4b9f-a20b-63e370407f6e","component_name":"ResilienceCockpit-srv","component_instance":0,"source_instance":0,"organization_name":"94060551trial","organization_id":"78e7b825-503f-4bdc-af4e-be86d7f43c8e","space_name":"dev","space_id":"039a1fe6-69a4-4c1e-9b8f-a64d47329d3e","msg":"connect to db > hana {\n  url: 'jdbc:sap://eb9e608b-a8d8-462e-98e7-906abde25244.hna0.prod-us10.hanacloud.ondemand.com:443?encrypt=true&validateCertificate=true&currentschema=8697B1A4A8B84AC49EFF171810969752',\n  database_id: 'eb9e608b-a8d8-462e-98e7-906abde25244',\n  host: 'eb9e608b-a8d8-462e-98e7-906abde25244.hna0.prod-us10.hanacloud.ondemand.com',\n  port: '443',\n  driver: 'com.sap.db.jdbc.Driver',\n  schema: '8697B1A4A8B84AC49EFF171810969752',\n  certificate: '...',\n  hdi_user: '8697B1A4A8B84AC49EFF171810969752_B4SCSXTFML48V8NFH3EQ9TGHU_DT',\n  hdi_password: '...',\n  user: '8697B1A4A8B84AC49EFF171810969752_B4SCSXTFML48V8NFH3EQ9TGHU_RT',\n  password: '...'\n}","type":"log"} (STDOUT, APP/PROC/WEB)#
#2026 09 08 04:42:02.461#Z#DEBUG#6ba4873a-ab3f-11f1-8ea7-eeee0a8eb34a.ResilienceCockpit-srv#flowable-async-job-executor-thread-4604#
[PollStartAppStatusExecution] 846298f7-a9cf-4b9f-a20b-63e370407f6e [2026-09-08T04:41:58.278239] {"level":"info","logger":"cds","timestamp":"2026-09-08T04:41:58.277Z","layer":"cds","component_type":"application","container_id":"10.37.194.4","component_id":"846298f7-a9cf-4b9f-a20b-63e370407f6e","component_name":"ResilienceCockpit-srv","component_instance":0,"source_instance":0,"organization_name":"94060551trial","organization_id":"78e7b825-503f-4bdc-af4e-be86d7f43c8e","space_name":"dev","space_id":"039a1fe6-69a4-4c1e-9b8f-a64d47329d3e","msg":"connect to ShippingCostAPI > rest { destination: 'jsondb' }","type":"log"} (STDOUT, APP/PROC/WEB)#
#2026 09 08 04:42:02.461#Z#DEBUG#6ba4873a-ab3f-11f1-8ea7-eeee0a8eb34a.ResilienceCockpit-srv#flowable-async-job-executor-thread-4604#
[PollStartAppStatusExecution] 846298f7-a9cf-4b9f-a20b-63e370407f6e [2026-09-08T04:41:58.278775] {"level":"info","logger":"cds","timestamp":"2026-09-08T04:41:58.278Z","layer":"cds","component_type":"application","container_id":"10.37.194.4","component_id":"846298f7-a9cf-4b9f-a20b-63e370407f6e","component_name":"ResilienceCockpit-srv","component_instance":0,"source_instance":0,"organization_name":"94060551trial","organization_id":"78e7b825-503f-4bdc-af4e-be86d7f43c8e","space_name":"dev","space_id":"039a1fe6-69a4-4c1e-9b8f-a64d47329d3e","msg":"connect to API_INFORECORD_PROCESS_SRV > odata-v2 { destination: 'SAP_API_HUB' }","type":"log"} (STDOUT, APP/PROC/WEB)#
#2026 09 08 04:42:02.461#Z#DEBUG#6ba4873a-ab3f-11f1-8ea7-eeee0a8eb34a.ResilienceCockpit-srv#flowable-async-job-executor-thread-4604#
[PollStartAppStatusExecution] 846298f7-a9cf-4b9f-a20b-63e370407f6e [2026-09-08T04:41:58.293106] {"level":"info","logger":"cds","timestamp":"2026-09-08T04:41:58.292Z","layer":"cds","component_type":"application","container_id":"10.37.194.4","component_id":"846298f7-a9cf-4b9f-a20b-63e370407f6e","component_name":"ResilienceCockpit-srv","component_instance":0,"source_instance":0,"organization_name":"94060551trial","organization_id":"78e7b825-503f-4bdc-af4e-be86d7f43c8e","space_name":"dev","space_id":"039a1fe6-69a4-4c1e-9b8f-a64d47329d3e","msg":"using auth strategy { kind: 'xsuaa' }","type":"log"} (STDOUT, APP/PROC/WEB)#
#2026 09 08 04:42:02.461#Z#DEBUG#6ba4873a-ab3f-11f1-8ea7-eeee0a8eb34a.ResilienceCockpit-srv#flowable-async-job-executor-thread-4604#
[PollStartAppStatusExecution] 846298f7-a9cf-4b9f-a20b-63e370407f6e [2026-09-08T04:41:58.328183] {"level":"info","logger":"cds","timestamp":"2026-09-08T04:41:58.328Z","layer":"cds","component_type":"application","container_id":"10.37.194.4","component_id":"846298f7-a9cf-4b9f-a20b-63e370407f6e","component_name":"ResilienceCockpit-srv","component_instance":0,"source_instance":0,"organization_name":"94060551trial","organization_id":"78e7b825-503f-4bdc-af4e-be86d7f43c8e","space_name":"dev","space_id":"039a1fe6-69a4-4c1e-9b8f-a64d47329d3e","msg":"serving ResilienceCockpitService {\n  at: [ '/service/ResilienceCockpitService' ],\n  decl: 'srv/csn.json:313',\n  impl: 'srv/service.js'\n}","type":"log"} (STDOUT, APP/PROC/WEB)#
#2026 09 08 04:42:02.461#Z#DEBUG#6ba4873a-ab3f-11f1-8ea7-eeee0a8eb34a.ResilienceCockpit-srv#flowable-async-job-executor-thread-4604#
[PollStartAppStatusExecution] 846298f7-a9cf-4b9f-a20b-63e370407f6e [2026-09-08T04:41:58.332371] {"level":"info","logger":"cds","timestamp":"2026-09-08T04:41:58.332Z","layer":"cds","component_type":"application","container_id":"10.37.194.4","component_id":"846298f7-a9cf-4b9f-a20b-63e370407f6e","component_name":"ResilienceCockpit-srv","component_instance":0,"source_instance":0,"organization_name":"94060551trial","organization_id":"78e7b825-503f-4bdc-af4e-be86d7f43c8e","space_name":"dev","space_id":"039a1fe6-69a4-4c1e-9b8f-a64d47329d3e","msg":"server listening on { url: 'http://localhost:8080' }","type":"log"} (STDOUT, APP/PROC/WEB)#
#2026 09 08 04:42:02.461#Z#DEBUG#6ba4873a-ab3f-11f1-8ea7-eeee0a8eb34a.ResilienceCockpit-srv#flowable-async-job-executor-thread-4604#
[PollStartAppStatusExecution] 846298f7-a9cf-4b9f-a20b-63e370407f6e [2026-09-08T04:41:58.332485] {"level":"info","logger":"cds","timestamp":"2026-09-08T04:41:58.332Z","layer":"cds","component_type":"application","container_id":"10.37.194.4","component_id":"846298f7-a9cf-4b9f-a20b-63e370407f6e","component_name":"ResilienceCockpit-srv","component_instance":0,"source_instance":0,"organization_name":"94060551trial","organization_id":"78e7b825-503f-4bdc-af4e-be86d7f43c8e","space_name":"dev","space_id":"039a1fe6-69a4-4c1e-9b8f-a64d47329d3e","msg":"server v9.9.3 launched in 691 ms","type":"log"} (STDOUT, APP/PROC/WEB)#
#2026 09 08 04:42:02.461#Z#DEBUG#6ba4873a-ab3f-11f1-8ea7-eeee0a8eb34a.ResilienceCockpit-srv#flowable-async-job-executor-thread-4604#
[PollStartAppStatusExecution] 846298f7-a9cf-4b9f-a20b-63e370407f6e [2026-09-08T04:42:01.049502] Container became healthy (STDOUT, CELL)#
#2026 09 08 04:42:02.461#Z#DEBUG#6ba4873a-ab3f-11f1-8ea7-eeee0a8eb34a.ResilienceCockpit-srv#flowable-async-job-executor-thread-4604#
[PollStartAppStatusExecution] 846298f7-a9cf-4b9f-a20b-63e370407f6e [2026-09-08T04:42:01.077573] Process became ready with guid 846298f7-a9cf-4b9f-a20b-63e370407f6e payload: {"instance"=>"ec9f7976-4adb-4304-5002-2d51", "index"=>0, "cell_id"=>"8f564f12-d570-40b1-98f9-bd9350382f67", "ready"=>true, "version"=>"47275d6c-27ca-4182-9c3e-eeb01b0d5d40"} (STDOUT, API)#
