#2026 08 28 03:51:21.162#Z#DEBUG#9f2c2b3d-a293-11f1-9e34-eeee0a9f0b65.ResilienceCockpit-srv#flowable-async-job-executor-thread-5428#
[PollStartAppStatusExecution] 846298f7-a9cf-4b9f-a20b-63e370407f6e [2026-08-28T03:39:52.923973] Updated app with guid 846298f7-a9cf-4b9f-a20b-63e370407f6e ({"lifecycle"=>{"data"=>{"buildpacks"=>["nodejs_buildpack"]}, "type"=>"buildpack"}}) (STDOUT, API)#
#2026 08 28 03:51:21.162#Z#DEBUG#9f2c2b3d-a293-11f1-9e34-eeee0a9f0b65.ResilienceCockpit-srv#flowable-async-job-executor-thread-5428#
[PollStartAppStatusExecution] 846298f7-a9cf-4b9f-a20b-63e370407f6e [2026-08-28T03:39:53.005399] Updating process: "web" (STDOUT, API)#
#2026 08 28 03:51:21.163#Z#DEBUG#9f2c2b3d-a293-11f1-9e34-eeee0a9f0b65.ResilienceCockpit-srv#flowable-async-job-executor-thread-5428#
[PollStartAppStatusExecution] 846298f7-a9cf-4b9f-a20b-63e370407f6e [2026-08-28T03:40:31.157083] Uploading app package for app with guid 846298f7-a9cf-4b9f-a20b-63e370407f6e (STDOUT, API)#
#2026 08 28 03:51:21.163#Z#DEBUG#9f2c2b3d-a293-11f1-9e34-eeee0a9f0b65.ResilienceCockpit-srv#flowable-async-job-executor-thread-5428#
[PollStartAppStatusExecution] 846298f7-a9cf-4b9f-a20b-63e370407f6e [2026-08-28T03:40:31.346619] Updated app with guid 846298f7-a9cf-4b9f-a20b-63e370407f6e ({"environment_variables"=>"[PRIVATE DATA HIDDEN]"}) (STDOUT, API)#
#2026 08 28 03:51:21.163#Z#DEBUG#9f2c2b3d-a293-11f1-9e34-eeee0a9f0b65.ResilienceCockpit-srv#flowable-async-job-executor-thread-5428#
[PollStartAppStatusExecution] 846298f7-a9cf-4b9f-a20b-63e370407f6e [2026-08-28T03:40:50.997014] Creating build for app with guid 846298f7-a9cf-4b9f-a20b-63e370407f6e (STDOUT, API)#
#2026 08 28 03:51:21.163#Z#DEBUG#9f2c2b3d-a293-11f1-9e34-eeee0a9f0b65.ResilienceCockpit-srv#flowable-async-job-executor-thread-5428#
[PollStartAppStatusExecution] 846298f7-a9cf-4b9f-a20b-63e370407f6e [2026-08-28T03:40:51.271020] Downloading nodejs_buildpack... (STDOUT, STG)#
#2026 08 28 03:51:21.163#Z#DEBUG#9f2c2b3d-a293-11f1-9e34-eeee0a9f0b65.ResilienceCockpit-srv#flowable-async-job-executor-thread-5428#
[PollStartAppStatusExecution] 846298f7-a9cf-4b9f-a20b-63e370407f6e [2026-08-28T03:40:51.322085] Downloaded nodejs_buildpack (STDOUT, STG)#
#2026 08 28 03:51:21.163#Z#DEBUG#9f2c2b3d-a293-11f1-9e34-eeee0a9f0b65.ResilienceCockpit-srv#flowable-async-job-executor-thread-5428#
[PollStartAppStatusExecution] 846298f7-a9cf-4b9f-a20b-63e370407f6e [2026-08-28T03:40:51.322144] Cell cdd66a98-00c8-41cf-94b2-8f9408d19596 creating container for instance 358a054d-ea2e-40bf-9858-62e2e13759c5 (STDOUT, STG)#
#2026 08 28 03:51:21.163#Z#DEBUG#9f2c2b3d-a293-11f1-9e34-eeee0a9f0b65.ResilienceCockpit-srv#flowable-async-job-executor-thread-5428#
[PollStartAppStatusExecution] 846298f7-a9cf-4b9f-a20b-63e370407f6e [2026-08-28T03:40:51.636541] Security group rules were updated (STDOUT, STG)#
#2026 08 28 03:51:21.163#Z#DEBUG#9f2c2b3d-a293-11f1-9e34-eeee0a9f0b65.ResilienceCockpit-srv#flowable-async-job-executor-thread-5428#
[PollStartAppStatusExecution] 846298f7-a9cf-4b9f-a20b-63e370407f6e [2026-08-28T03:40:51.698593] Cell cdd66a98-00c8-41cf-94b2-8f9408d19596 successfully created container for instance 358a054d-ea2e-40bf-9858-62e2e13759c5 (STDOUT, STG)#
#2026 08 28 03:51:21.163#Z#DEBUG#9f2c2b3d-a293-11f1-9e34-eeee0a9f0b65.ResilienceCockpit-srv#flowable-async-job-executor-thread-5428#
[PollStartAppStatusExecution] 846298f7-a9cf-4b9f-a20b-63e370407f6e [2026-08-28T03:40:52.397471] Downloading app package... (STDOUT, STG)#
#2026 08 28 03:51:21.163#Z#DEBUG#9f2c2b3d-a293-11f1-9e34-eeee0a9f0b65.ResilienceCockpit-srv#flowable-async-job-executor-thread-5428#
[PollStartAppStatusExecution] 846298f7-a9cf-4b9f-a20b-63e370407f6e [2026-08-28T03:40:52.397494] Downloading build artifacts cache... (STDOUT, STG)#
#2026 08 28 03:51:21.163#Z#DEBUG#9f2c2b3d-a293-11f1-9e34-eeee0a9f0b65.ResilienceCockpit-srv#flowable-async-job-executor-thread-5428#
[PollStartAppStatusExecution] 846298f7-a9cf-4b9f-a20b-63e370407f6e [2026-08-28T03:40:52.480088] Downloaded build artifacts cache (226B) (STDOUT, STG)#
#2026 08 28 03:51:21.163#Z#DEBUG#9f2c2b3d-a293-11f1-9e34-eeee0a9f0b65.ResilienceCockpit-srv#flowable-async-job-executor-thread-5428#
[PollStartAppStatusExecution] 846298f7-a9cf-4b9f-a20b-63e370407f6e [2026-08-28T03:40:53.438980] Downloaded app package (15.2M) (STDOUT, STG)#
#2026 08 28 03:51:21.163#Z#DEBUG#9f2c2b3d-a293-11f1-9e34-eeee0a9f0b65.ResilienceCockpit-srv#flowable-async-job-executor-thread-5428#
[PollStartAppStatusExecution] 846298f7-a9cf-4b9f-a20b-63e370407f6e [2026-08-28T03:40:53.491084] -----> Nodejs Buildpack version 1.9.3 (STDOUT, STG)#
#2026 08 28 03:51:21.163#Z#DEBUG#9f2c2b3d-a293-11f1-9e34-eeee0a9f0b65.ResilienceCockpit-srv#flowable-async-job-executor-thread-5428#
[PollStartAppStatusExecution] 846298f7-a9cf-4b9f-a20b-63e370407f6e [2026-08-28T03:40:53.841347] -----> Bootstrapping python (STDOUT, STG)#
#2026 08 28 03:51:21.163#Z#DEBUG#9f2c2b3d-a293-11f1-9e34-eeee0a9f0b65.ResilienceCockpit-srv#flowable-async-job-executor-thread-5428#
[PollStartAppStatusExecution] 846298f7-a9cf-4b9f-a20b-63e370407f6e [2026-08-28T03:40:53.841369] -----> Installing python 3.13.14 (STDOUT, STG)#
#2026 08 28 03:51:21.163#Z#DEBUG#9f2c2b3d-a293-11f1-9e34-eeee0a9f0b65.ResilienceCockpit-srv#flowable-async-job-executor-thread-5428#
[PollStartAppStatusExecution] 846298f7-a9cf-4b9f-a20b-63e370407f6e [2026-08-28T03:40:53.841457] Copy [/tmp/buildpacks/adc5840e3e50b48d/dependencies/4b4266a2ff36730aef37b88b668ca327/python_3.13.14_linux_x64_cflinuxfs4_b80d4954.tgz] (STDOUT, STG)#
#2026 08 28 03:51:21.163#Z#DEBUG#9f2c2b3d-a293-11f1-9e34-eeee0a9f0b65.ResilienceCockpit-srv#flowable-async-job-executor-thread-5428#
[PollStartAppStatusExecution] 846298f7-a9cf-4b9f-a20b-63e370407f6e [2026-08-28T03:40:56.846574] -----> Installing binaries (STDOUT, STG)#
#2026 08 28 03:51:21.163#Z#DEBUG#9f2c2b3d-a293-11f1-9e34-eeee0a9f0b65.ResilienceCockpit-srv#flowable-async-job-executor-thread-5428#
[PollStartAppStatusExecution] 846298f7-a9cf-4b9f-a20b-63e370407f6e [2026-08-28T03:40:56.846629] engines.node (package.json): >=20 (STDOUT, STG)#
#2026 08 28 03:51:21.163#Z#DEBUG#9f2c2b3d-a293-11f1-9e34-eeee0a9f0b65.ResilienceCockpit-srv#flowable-async-job-executor-thread-5428#
[PollStartAppStatusExecution] 846298f7-a9cf-4b9f-a20b-63e370407f6e [2026-08-28T03:40:56.846643] engines.npm (package.json): unspecified (use default) (STDOUT, STG)#
#2026 08 28 03:51:21.163#Z#DEBUG#9f2c2b3d-a293-11f1-9e34-eeee0a9f0b65.ResilienceCockpit-srv#flowable-async-job-executor-thread-5428#
[PollStartAppStatusExecution] 846298f7-a9cf-4b9f-a20b-63e370407f6e [2026-08-28T03:40:56.846647] [31;1m**WARNING**[0m Dangerous semver range (>) in engines.node. See: http://docs.cloudfoundry.org/buildpacks/node/node-tips.html (STDOUT, STG)#
#2026 08 28 03:51:21.163#Z#DEBUG#9f2c2b3d-a293-11f1-9e34-eeee0a9f0b65.ResilienceCockpit-srv#flowable-async-job-executor-thread-5428#
[PollStartAppStatusExecution] 846298f7-a9cf-4b9f-a20b-63e370407f6e [2026-08-28T03:40:56.846737] -----> Installing node 24.18.0 (STDOUT, STG)#
#2026 08 28 03:51:21.163#Z#DEBUG#9f2c2b3d-a293-11f1-9e34-eeee0a9f0b65.ResilienceCockpit-srv#flowable-async-job-executor-thread-5428#
[PollStartAppStatusExecution] 846298f7-a9cf-4b9f-a20b-63e370407f6e [2026-08-28T03:40:56.846841] Copy [/tmp/buildpacks/adc5840e3e50b48d/dependencies/dffbbb835fcd073c4544f78eb6247fac/node_24.18.0_linux_x64_cflinuxfs4_cdfed650.tgz] (STDOUT, STG)#
#2026 08 28 03:51:21.163#Z#DEBUG#9f2c2b3d-a293-11f1-9e34-eeee0a9f0b65.ResilienceCockpit-srv#flowable-async-job-executor-thread-5428#
[PollStartAppStatusExecution] 846298f7-a9cf-4b9f-a20b-63e370407f6e [2026-08-28T03:40:58.592984] Using default npm version: 11.16.0 (STDOUT, STG)#
#2026 08 28 03:51:21.163#Z#DEBUG#9f2c2b3d-a293-11f1-9e34-eeee0a9f0b65.ResilienceCockpit-srv#flowable-async-job-executor-thread-5428#
[PollStartAppStatusExecution] 846298f7-a9cf-4b9f-a20b-63e370407f6e [2026-08-28T03:40:58.593005] -----> Installing yarn 1.22.22 (STDOUT, STG)#
#2026 08 28 03:51:21.163#Z#DEBUG#9f2c2b3d-a293-11f1-9e34-eeee0a9f0b65.ResilienceCockpit-srv#flowable-async-job-executor-thread-5428#
[PollStartAppStatusExecution] 846298f7-a9cf-4b9f-a20b-63e370407f6e [2026-08-28T03:40:58.593028] Copy [/tmp/buildpacks/adc5840e3e50b48d/dependencies/e4fe26756e9984a665478d350474fa2e/yarn_1.22.22_linux_noarch_any-stack_b6132b86.tgz] (STDOUT, STG)#
#2026 08 28 03:51:21.163#Z#DEBUG#9f2c2b3d-a293-11f1-9e34-eeee0a9f0b65.ResilienceCockpit-srv#flowable-async-job-executor-thread-5428#
[PollStartAppStatusExecution] 846298f7-a9cf-4b9f-a20b-63e370407f6e [2026-08-28T03:40:58.842446] Installed yarn 1.22.22 (STDOUT, STG)#
#2026 08 28 03:51:21.163#Z#DEBUG#9f2c2b3d-a293-11f1-9e34-eeee0a9f0b65.ResilienceCockpit-srv#flowable-async-job-executor-thread-5428#
[PollStartAppStatusExecution] 846298f7-a9cf-4b9f-a20b-63e370407f6e [2026-08-28T03:40:58.842478] -----> Creating runtime environment (STDOUT, STG)#
#2026 08 28 03:51:21.163#Z#DEBUG#9f2c2b3d-a293-11f1-9e34-eeee0a9f0b65.ResilienceCockpit-srv#flowable-async-job-executor-thread-5428#
[PollStartAppStatusExecution] 846298f7-a9cf-4b9f-a20b-63e370407f6e [2026-08-28T03:40:58.844271] NODE_ENV=production (STDOUT, STG)#
#2026 08 28 03:51:21.163#Z#DEBUG#9f2c2b3d-a293-11f1-9e34-eeee0a9f0b65.ResilienceCockpit-srv#flowable-async-job-executor-thread-5428#
[PollStartAppStatusExecution] 846298f7-a9cf-4b9f-a20b-63e370407f6e [2026-08-28T03:40:58.844292] NODE_HOME=/tmp/contents3504338491/deps/0/node (STDOUT, STG)#
#2026 08 28 03:51:21.163#Z#DEBUG#9f2c2b3d-a293-11f1-9e34-eeee0a9f0b65.ResilienceCockpit-srv#flowable-async-job-executor-thread-5428#
[PollStartAppStatusExecution] 846298f7-a9cf-4b9f-a20b-63e370407f6e [2026-08-28T03:40:58.844296] NODE_MODULES_CACHE=true (STDOUT, STG)#
#2026 08 28 03:51:21.163#Z#DEBUG#9f2c2b3d-a293-11f1-9e34-eeee0a9f0b65.ResilienceCockpit-srv#flowable-async-job-executor-thread-5428#
[PollStartAppStatusExecution] 846298f7-a9cf-4b9f-a20b-63e370407f6e [2026-08-28T03:40:58.844299] NODE_VERBOSE=false (STDOUT, STG)#
#2026 08 28 03:51:21.163#Z#DEBUG#9f2c2b3d-a293-11f1-9e34-eeee0a9f0b65.ResilienceCockpit-srv#flowable-async-job-executor-thread-5428#
[PollStartAppStatusExecution] 846298f7-a9cf-4b9f-a20b-63e370407f6e [2026-08-28T03:40:58.844305] NPM_CONFIG_LOGLEVEL=error (STDOUT, STG)#
#2026 08 28 03:51:21.163#Z#DEBUG#9f2c2b3d-a293-11f1-9e34-eeee0a9f0b65.ResilienceCockpit-srv#flowable-async-job-executor-thread-5428#
[PollStartAppStatusExecution] 846298f7-a9cf-4b9f-a20b-63e370407f6e [2026-08-28T03:40:58.844308] NPM_CONFIG_PRODUCTION=true (STDOUT, STG)#
#2026 08 28 03:51:21.163#Z#DEBUG#9f2c2b3d-a293-11f1-9e34-eeee0a9f0b65.ResilienceCockpit-srv#flowable-async-job-executor-thread-5428#
[PollStartAppStatusExecution] 846298f7-a9cf-4b9f-a20b-63e370407f6e [2026-08-28T03:40:58.844313] -----> Building dependencies (STDOUT, STG)#
#2026 08 28 03:51:21.163#Z#DEBUG#9f2c2b3d-a293-11f1-9e34-eeee0a9f0b65.ResilienceCockpit-srv#flowable-async-job-executor-thread-5428#
[PollStartAppStatusExecution] 846298f7-a9cf-4b9f-a20b-63e370407f6e [2026-08-28T03:40:58.844316] Prebuild detected (node_modules already exists) (STDOUT, STG)#
#2026 08 28 03:51:21.163#Z#DEBUG#9f2c2b3d-a293-11f1-9e34-eeee0a9f0b65.ResilienceCockpit-srv#flowable-async-job-executor-thread-5428#
[PollStartAppStatusExecution] 846298f7-a9cf-4b9f-a20b-63e370407f6e [2026-08-28T03:40:58.844332] Rebuilding any native modules (STDOUT, STG)#
#2026 08 28 03:51:21.163#Z#DEBUG#9f2c2b3d-a293-11f1-9e34-eeee0a9f0b65.ResilienceCockpit-srv#flowable-async-job-executor-thread-5428#
[PollStartAppStatusExecution] 846298f7-a9cf-4b9f-a20b-63e370407f6e [2026-08-28T03:40:59.431751] rebuilt dependencies successfully (STDOUT, STG)#
#2026 08 28 03:51:21.163#Z#DEBUG#9f2c2b3d-a293-11f1-9e34-eeee0a9f0b65.ResilienceCockpit-srv#flowable-async-job-executor-thread-5428#
[PollStartAppStatusExecution] 846298f7-a9cf-4b9f-a20b-63e370407f6e [2026-08-28T03:40:59.432983] npm notice (STDOUT, STG)#
#2026 08 28 03:51:21.163#Z#DEBUG#9f2c2b3d-a293-11f1-9e34-eeee0a9f0b65.ResilienceCockpit-srv#flowable-async-job-executor-thread-5428#
[PollStartAppStatusExecution] 846298f7-a9cf-4b9f-a20b-63e370407f6e [2026-08-28T03:40:59.432998] npm notice New major version of npm available! 11.16.0 -> 12.0.2 (STDOUT, STG)#
#2026 08 28 03:51:21.163#Z#DEBUG#9f2c2b3d-a293-11f1-9e34-eeee0a9f0b65.ResilienceCockpit-srv#flowable-async-job-executor-thread-5428#
[PollStartAppStatusExecution] 846298f7-a9cf-4b9f-a20b-63e370407f6e [2026-08-28T03:40:59.433002] npm notice Changelog: https://github.com/npm/cli/releases/tag/v12.0.2 (STDOUT, STG)#
#2026 08 28 03:51:21.163#Z#DEBUG#9f2c2b3d-a293-11f1-9e34-eeee0a9f0b65.ResilienceCockpit-srv#flowable-async-job-executor-thread-5428#
[PollStartAppStatusExecution] 846298f7-a9cf-4b9f-a20b-63e370407f6e [2026-08-28T03:40:59.433005] npm notice To update run: npm install -g npm@12.0.2 (STDOUT, STG)#
#2026 08 28 03:51:21.163#Z#DEBUG#9f2c2b3d-a293-11f1-9e34-eeee0a9f0b65.ResilienceCockpit-srv#flowable-async-job-executor-thread-5428#
[PollStartAppStatusExecution] 846298f7-a9cf-4b9f-a20b-63e370407f6e [2026-08-28T03:40:59.433008] npm notice (STDOUT, STG)#
#2026 08 28 03:51:21.163#Z#DEBUG#9f2c2b3d-a293-11f1-9e34-eeee0a9f0b65.ResilienceCockpit-srv#flowable-async-job-executor-thread-5428#
[PollStartAppStatusExecution] 846298f7-a9cf-4b9f-a20b-63e370407f6e [2026-08-28T03:40:59.481895] Installing any new modules (package.json + package-lock.json) (STDOUT, STG)#
#2026 08 28 03:51:21.163#Z#DEBUG#9f2c2b3d-a293-11f1-9e34-eeee0a9f0b65.ResilienceCockpit-srv#flowable-async-job-executor-thread-5428#
[PollStartAppStatusExecution] 846298f7-a9cf-4b9f-a20b-63e370407f6e [2026-08-28T03:41:00.099470] up to date in 558ms (STDOUT, STG)#
#2026 08 28 03:51:21.163#Z#DEBUG#9f2c2b3d-a293-11f1-9e34-eeee0a9f0b65.ResilienceCockpit-srv#flowable-async-job-executor-thread-5428#
[PollStartAppStatusExecution] 846298f7-a9cf-4b9f-a20b-63e370407f6e [2026-08-28T03:41:00.099733] 37 packages are looking for funding (STDOUT, STG)#
#2026 08 28 03:51:21.163#Z#DEBUG#9f2c2b3d-a293-11f1-9e34-eeee0a9f0b65.ResilienceCockpit-srv#flowable-async-job-executor-thread-5428#
[PollStartAppStatusExecution] 846298f7-a9cf-4b9f-a20b-63e370407f6e [2026-08-28T03:41:00.099764] run `npm fund` for details (STDOUT, STG)#
#2026 08 28 03:51:21.163#Z#DEBUG#9f2c2b3d-a293-11f1-9e34-eeee0a9f0b65.ResilienceCockpit-srv#flowable-async-job-executor-thread-5428#
[PollStartAppStatusExecution] 846298f7-a9cf-4b9f-a20b-63e370407f6e [2026-08-28T03:41:00.896223] Contrast Security no credentials found. Will not write environment files. (STDOUT, STG)#
#2026 08 28 03:51:21.163#Z#DEBUG#9f2c2b3d-a293-11f1-9e34-eeee0a9f0b65.ResilienceCockpit-srv#flowable-async-job-executor-thread-5428#
[PollStartAppStatusExecution] 846298f7-a9cf-4b9f-a20b-63e370407f6e [2026-08-28T03:41:10.514014] Exit status 0 (STDOUT, STG)#
#2026 08 28 03:51:21.163#Z#DEBUG#9f2c2b3d-a293-11f1-9e34-eeee0a9f0b65.ResilienceCockpit-srv#flowable-async-job-executor-thread-5428#
[PollStartAppStatusExecution] 846298f7-a9cf-4b9f-a20b-63e370407f6e [2026-08-28T03:41:10.514058] Uploading droplet, build artifacts cache... (STDOUT, STG)#
#2026 08 28 03:51:21.163#Z#DEBUG#9f2c2b3d-a293-11f1-9e34-eeee0a9f0b65.ResilienceCockpit-srv#flowable-async-job-executor-thread-5428#
[PollStartAppStatusExecution] 846298f7-a9cf-4b9f-a20b-63e370407f6e [2026-08-28T03:41:10.514089] Uploading build artifacts cache... (STDOUT, STG)#
#2026 08 28 03:51:21.163#Z#DEBUG#9f2c2b3d-a293-11f1-9e34-eeee0a9f0b65.ResilienceCockpit-srv#flowable-async-job-executor-thread-5428#
[PollStartAppStatusExecution] 846298f7-a9cf-4b9f-a20b-63e370407f6e [2026-08-28T03:41:10.514124] Uploading droplet... (STDOUT, STG)#
#2026 08 28 03:51:21.163#Z#DEBUG#9f2c2b3d-a293-11f1-9e34-eeee0a9f0b65.ResilienceCockpit-srv#flowable-async-job-executor-thread-5428#
[PollStartAppStatusExecution] 846298f7-a9cf-4b9f-a20b-63e370407f6e [2026-08-28T03:41:10.530653] Uploaded build artifacts cache (224B) (STDOUT, STG)#
#2026 08 28 03:51:21.163#Z#DEBUG#9f2c2b3d-a293-11f1-9e34-eeee0a9f0b65.ResilienceCockpit-srv#flowable-async-job-executor-thread-5428#
[PollStartAppStatusExecution] 846298f7-a9cf-4b9f-a20b-63e370407f6e [2026-08-28T03:41:11.178038] Creating droplet for app with guid 846298f7-a9cf-4b9f-a20b-63e370407f6e (STDOUT, API)#
#2026 08 28 03:51:21.163#Z#DEBUG#9f2c2b3d-a293-11f1-9e34-eeee0a9f0b65.ResilienceCockpit-srv#flowable-async-job-executor-thread-5428#
[PollStartAppStatusExecution] 846298f7-a9cf-4b9f-a20b-63e370407f6e [2026-08-28T03:41:12.256969] Uploaded droplet (70.3M) (STDOUT, STG)#
#2026 08 28 03:51:21.163#Z#DEBUG#9f2c2b3d-a293-11f1-9e34-eeee0a9f0b65.ResilienceCockpit-srv#flowable-async-job-executor-thread-5428#
[PollStartAppStatusExecution] 846298f7-a9cf-4b9f-a20b-63e370407f6e [2026-08-28T03:41:12.273981] Uploading complete (STDOUT, STG)#
#2026 08 28 03:51:21.163#Z#DEBUG#9f2c2b3d-a293-11f1-9e34-eeee0a9f0b65.ResilienceCockpit-srv#flowable-async-job-executor-thread-5428#
[PollStartAppStatusExecution] 846298f7-a9cf-4b9f-a20b-63e370407f6e [2026-08-28T03:41:12.568960] Cell cdd66a98-00c8-41cf-94b2-8f9408d19596 stopping instance 358a054d-ea2e-40bf-9858-62e2e13759c5 (STDOUT, STG)#
#2026 08 28 03:51:21.163#Z#DEBUG#9f2c2b3d-a293-11f1-9e34-eeee0a9f0b65.ResilienceCockpit-srv#flowable-async-job-executor-thread-5428#
[PollStartAppStatusExecution] 846298f7-a9cf-4b9f-a20b-63e370407f6e [2026-08-28T03:41:12.568996] Cell cdd66a98-00c8-41cf-94b2-8f9408d19596 destroying container for instance 358a054d-ea2e-40bf-9858-62e2e13759c5 (STDOUT, STG)#
#2026 08 28 03:51:21.163#Z#DEBUG#9f2c2b3d-a293-11f1-9e34-eeee0a9f0b65.ResilienceCockpit-srv#flowable-async-job-executor-thread-5428#
[PollStartAppStatusExecution] 846298f7-a9cf-4b9f-a20b-63e370407f6e [2026-08-28T03:41:12.617748] Staging complete for build 358a054d-ea2e-40bf-9858-62e2e13759c5 (STDOUT, API)#
#2026 08 28 03:51:21.163#Z#DEBUG#9f2c2b3d-a293-11f1-9e34-eeee0a9f0b65.ResilienceCockpit-srv#flowable-async-job-executor-thread-5428#
[PollStartAppStatusExecution] 846298f7-a9cf-4b9f-a20b-63e370407f6e [2026-08-28T03:41:14.956188] Cell cdd66a98-00c8-41cf-94b2-8f9408d19596 successfully destroyed container for instance 358a054d-ea2e-40bf-9858-62e2e13759c5 (STDOUT, STG)#
#2026 08 28 03:51:21.163#Z#DEBUG#9f2c2b3d-a293-11f1-9e34-eeee0a9f0b65.ResilienceCockpit-srv#flowable-async-job-executor-thread-5428#
[PollStartAppStatusExecution] 846298f7-a9cf-4b9f-a20b-63e370407f6e [2026-08-28T03:41:20.913973] Updated app with guid 846298f7-a9cf-4b9f-a20b-63e370407f6e ({:droplet_guid=>"77ed8bf9-65c6-4591-9b7a-1868507fb02d"}) (STDOUT, API)#
#2026 08 28 03:51:21.163#Z#DEBUG#9f2c2b3d-a293-11f1-9e34-eeee0a9f0b65.ResilienceCockpit-srv#flowable-async-job-executor-thread-5428#
[PollStartAppStatusExecution] 846298f7-a9cf-4b9f-a20b-63e370407f6e [2026-08-28T03:41:21.134845] Creating revision for app with guid 846298f7-a9cf-4b9f-a20b-63e370407f6e (STDOUT, API)#
#2026 08 28 03:51:21.163#Z#DEBUG#9f2c2b3d-a293-11f1-9e34-eeee0a9f0b65.ResilienceCockpit-srv#flowable-async-job-executor-thread-5428#
[PollStartAppStatusExecution] 846298f7-a9cf-4b9f-a20b-63e370407f6e [2026-08-28T03:41:21.168848] Starting app with guid 846298f7-a9cf-4b9f-a20b-63e370407f6e (STDOUT, API)#
#2026 08 28 03:51:21.163#Z#DEBUG#9f2c2b3d-a293-11f1-9e34-eeee0a9f0b65.ResilienceCockpit-srv#flowable-async-job-executor-thread-5428#
[PollStartAppStatusExecution] 846298f7-a9cf-4b9f-a20b-63e370407f6e [2026-08-28T03:41:21.314320] Cell 4761c3fb-8e91-4ced-804b-3db53058de34 creating container for instance 75786e4b-dc33-40a1-666f-5f07 (STDOUT, CELL)#
#2026 08 28 03:51:21.163#Z#DEBUG#9f2c2b3d-a293-11f1-9e34-eeee0a9f0b65.ResilienceCockpit-srv#flowable-async-job-executor-thread-5428#
[PollStartAppStatusExecution] 846298f7-a9cf-4b9f-a20b-63e370407f6e [2026-08-28T03:41:21.622012] Security group rules were updated (STDOUT, CELL)#
#2026 08 28 03:51:21.163#Z#DEBUG#9f2c2b3d-a293-11f1-9e34-eeee0a9f0b65.ResilienceCockpit-srv#flowable-async-job-executor-thread-5428#
[PollStartAppStatusExecution] 846298f7-a9cf-4b9f-a20b-63e370407f6e [2026-08-28T03:41:21.677097] Cell 4761c3fb-8e91-4ced-804b-3db53058de34 successfully created container for instance 75786e4b-dc33-40a1-666f-5f07 (STDOUT, CELL)#
#2026 08 28 03:51:21.163#Z#DEBUG#9f2c2b3d-a293-11f1-9e34-eeee0a9f0b65.ResilienceCockpit-srv#flowable-async-job-executor-thread-5428#
[PollStartAppStatusExecution] 846298f7-a9cf-4b9f-a20b-63e370407f6e [2026-08-28T03:41:22.148780] Downloading droplet... (STDOUT, CELL)#
#2026 08 28 03:51:21.163#Z#DEBUG#9f2c2b3d-a293-11f1-9e34-eeee0a9f0b65.ResilienceCockpit-srv#flowable-async-job-executor-thread-5428#
[PollStartAppStatusExecution] 846298f7-a9cf-4b9f-a20b-63e370407f6e [2026-08-28T03:41:25.692675] Downloaded droplet (70.3M) (STDOUT, CELL)#
#2026 08 28 03:51:21.163#Z#DEBUG#9f2c2b3d-a293-11f1-9e34-eeee0a9f0b65.ResilienceCockpit-srv#flowable-async-job-executor-thread-5428#
[PollStartAppStatusExecution] 846298f7-a9cf-4b9f-a20b-63e370407f6e [2026-08-28T03:41:25.692799] Starting health monitoring of container (STDOUT, CELL)#
#2026 08 28 03:51:21.163#Z#DEBUG#9f2c2b3d-a293-11f1-9e34-eeee0a9f0b65.ResilienceCockpit-srv#flowable-async-job-executor-thread-5428#
[PollStartAppStatusExecution] 846298f7-a9cf-4b9f-a20b-63e370407f6e [2026-08-28T03:41:25.746163] Invoking pre-start scripts. (STDOUT, APP/PROC/WEB)#
#2026 08 28 03:51:21.163#Z#DEBUG#9f2c2b3d-a293-11f1-9e34-eeee0a9f0b65.ResilienceCockpit-srv#flowable-async-job-executor-thread-5428#
[PollStartAppStatusExecution] 846298f7-a9cf-4b9f-a20b-63e370407f6e [2026-08-28T03:41:25.885715] Invoking start command. (STDOUT, APP/PROC/WEB)#
#2026 08 28 03:51:21.163#Z#DEBUG#9f2c2b3d-a293-11f1-9e34-eeee0a9f0b65.ResilienceCockpit-srv#flowable-async-job-executor-thread-5428#
[PollStartAppStatusExecution] 846298f7-a9cf-4b9f-a20b-63e370407f6e [2026-08-28T03:41:26.174777] > ResilienceCockpit@1.0.0 start (STDOUT, APP/PROC/WEB)#
#2026 08 28 03:51:21.163#Z#DEBUG#9f2c2b3d-a293-11f1-9e34-eeee0a9f0b65.ResilienceCockpit-srv#flowable-async-job-executor-thread-5428#
[PollStartAppStatusExecution] 846298f7-a9cf-4b9f-a20b-63e370407f6e [2026-08-28T03:41:26.174817] > cds-serve (STDOUT, APP/PROC/WEB)#
#2026 08 28 03:51:21.163#Z#DEBUG#9f2c2b3d-a293-11f1-9e34-eeee0a9f0b65.ResilienceCockpit-srv#flowable-async-job-executor-thread-5428#
[PollStartAppStatusExecution] 846298f7-a9cf-4b9f-a20b-63e370407f6e [2026-08-28T03:41:26.349504] [cds] - bootstrapping from { file: 'srv/server.js' } (STDOUT, APP/PROC/WEB)#
#2026 08 28 03:51:21.163#Z#DEBUG#9f2c2b3d-a293-11f1-9e34-eeee0a9f0b65.ResilienceCockpit-srv#flowable-async-job-executor-thread-5428#
[PollStartAppStatusExecution] 846298f7-a9cf-4b9f-a20b-63e370407f6e [2026-08-28T03:41:26.538923] {"level":"info","logger":"cds","timestamp":"2026-08-28T03:41:26.537Z","layer":"cds","component_type":"application","container_id":"10.37.130.5","component_id":"846298f7-a9cf-4b9f-a20b-63e370407f6e","component_name":"ResilienceCockpit-srv","component_instance":0,"source_instance":0,"organization_name":"94060551trial","organization_id":"78e7b825-503f-4bdc-af4e-be86d7f43c8e","space_name":"dev","space_id":"039a1fe6-69a4-4c1e-9b8f-a64d47329d3e","msg":"loaded model from 1 file(s):\n ","type":"log"} (STDOUT, APP/PROC/WEB)#
#2026 08 28 03:51:21.163#Z#DEBUG#9f2c2b3d-a293-11f1-9e34-eeee0a9f0b65.ResilienceCockpit-srv#flowable-async-job-executor-thread-5428#
[PollStartAppStatusExecution] 846298f7-a9cf-4b9f-a20b-63e370407f6e [2026-08-28T03:41:26.538979] srv/csn.json (STDOUT, APP/PROC/WEB)#
#2026 08 28 03:51:21.163#Z#DEBUG#9f2c2b3d-a293-11f1-9e34-eeee0a9f0b65.ResilienceCockpit-srv#flowable-async-job-executor-thread-5428#
[PollStartAppStatusExecution] 846298f7-a9cf-4b9f-a20b-63e370407f6e [2026-08-28T03:41:26.714132] {"level":"info","logger":"cds","timestamp":"2026-08-28T03:41:26.713Z","layer":"cds","component_type":"application","container_id":"10.37.130.5","component_id":"846298f7-a9cf-4b9f-a20b-63e370407f6e","component_name":"ResilienceCockpit-srv","component_instance":0,"source_instance":0,"organization_name":"94060551trial","organization_id":"78e7b825-503f-4bdc-af4e-be86d7f43c8e","space_name":"dev","space_id":"039a1fe6-69a4-4c1e-9b8f-a64d47329d3e","msg":"connect to db > hana {\n  url: 'jdbc:sap://eb9e608b-a8d8-462e-98e7-906abde25244.hna0.prod-us10.hanacloud.ondemand.com:443?encrypt=true&validateCertificate=true&currentschema=8697B1A4A8B84AC49EFF171810969752',\n  database_id: 'eb9e608b-a8d8-462e-98e7-906abde25244',\n  host: 'eb9e608b-a8d8-462e-98e7-906abde25244.hna0.prod-us10.hanacloud.ondemand.com',\n  port: '443',\n  driver: 'com.sap.db.jdbc.Driver',\n  schema: '8697B1A4A8B84AC49EFF171810969752',\n  certificate: '...',\n  hdi_user: '8697B1A4A8B84AC49EFF171810969752_B4SCSXTFML48V8NFH3EQ9TGHU_DT',\n  hdi_password: '...',\n  user: '8697B1A4A8B84AC49EFF171810969752_B4SCSXTFML48V8NFH3EQ9TGHU_RT',\n  password: '...'\n}","type":"log"} (STDOUT, APP/PROC/WEB)#
#2026 08 28 03:51:21.163#Z#DEBUG#9f2c2b3d-a293-11f1-9e34-eeee0a9f0b65.ResilienceCockpit-srv#flowable-async-job-executor-thread-5428#
[PollStartAppStatusExecution] 846298f7-a9cf-4b9f-a20b-63e370407f6e [2026-08-28T03:41:26.801444] {"level":"info","logger":"cds","timestamp":"2026-08-28T03:41:26.801Z","layer":"cds","component_type":"application","container_id":"10.37.130.5","component_id":"846298f7-a9cf-4b9f-a20b-63e370407f6e","component_name":"ResilienceCockpit-srv","component_instance":0,"source_instance":0,"organization_name":"94060551trial","organization_id":"78e7b825-503f-4bdc-af4e-be86d7f43c8e","space_name":"dev","space_id":"039a1fe6-69a4-4c1e-9b8f-a64d47329d3e","msg":"connect to ShippingCostAPI > rest { destination: 'jsondb' }","type":"log"} (STDOUT, APP/PROC/WEB)#
#2026 08 28 03:51:21.163#Z#DEBUG#9f2c2b3d-a293-11f1-9e34-eeee0a9f0b65.ResilienceCockpit-srv#flowable-async-job-executor-thread-5428#
[PollStartAppStatusExecution] 846298f7-a9cf-4b9f-a20b-63e370407f6e [2026-08-28T03:41:26.806483] {"level":"info","logger":"cds","timestamp":"2026-08-28T03:41:26.806Z","layer":"cds","component_type":"application","container_id":"10.37.130.5","component_id":"846298f7-a9cf-4b9f-a20b-63e370407f6e","component_name":"ResilienceCockpit-srv","component_instance":0,"source_instance":0,"organization_name":"94060551trial","organization_id":"78e7b825-503f-4bdc-af4e-be86d7f43c8e","space_name":"dev","space_id":"039a1fe6-69a4-4c1e-9b8f-a64d47329d3e","msg":"connect to API_INFORECORD_PROCESS_SRV > odata-v2 { destination: 'SAP_API_HUB' }","type":"log"} (STDOUT, APP/PROC/WEB)#
#2026 08 28 03:51:21.163#Z#DEBUG#9f2c2b3d-a293-11f1-9e34-eeee0a9f0b65.ResilienceCockpit-srv#flowable-async-job-executor-thread-5428#
[PollStartAppStatusExecution] 846298f7-a9cf-4b9f-a20b-63e370407f6e [2026-08-28T03:41:26.820391] {"level":"info","logger":"cds","timestamp":"2026-08-28T03:41:26.820Z","layer":"cds","component_type":"application","container_id":"10.37.130.5","component_id":"846298f7-a9cf-4b9f-a20b-63e370407f6e","component_name":"ResilienceCockpit-srv","component_instance":0,"source_instance":0,"organization_name":"94060551trial","organization_id":"78e7b825-503f-4bdc-af4e-be86d7f43c8e","space_name":"dev","space_id":"039a1fe6-69a4-4c1e-9b8f-a64d47329d3e","msg":"using auth strategy { kind: 'xsuaa' }","type":"log"} (STDOUT, APP/PROC/WEB)#
#2026 08 28 03:51:21.163#Z#DEBUG#9f2c2b3d-a293-11f1-9e34-eeee0a9f0b65.ResilienceCockpit-srv#flowable-async-job-executor-thread-5428#
[PollStartAppStatusExecution] 846298f7-a9cf-4b9f-a20b-63e370407f6e [2026-08-28T03:41:26.853989] {"level":"info","logger":"cds","timestamp":"2026-08-28T03:41:26.853Z","layer":"cds","component_type":"application","container_id":"10.37.130.5","component_id":"846298f7-a9cf-4b9f-a20b-63e370407f6e","component_name":"ResilienceCockpit-srv","component_instance":0,"source_instance":0,"organization_name":"94060551trial","organization_id":"78e7b825-503f-4bdc-af4e-be86d7f43c8e","space_name":"dev","space_id":"039a1fe6-69a4-4c1e-9b8f-a64d47329d3e","msg":"serving ResilienceCockpitService {\n  at: [ '/service/ResilienceCockpitService' ],\n  decl: 'srv/csn.json:313',\n  impl: 'srv/service.js'\n}","type":"log"} (STDOUT, APP/PROC/WEB)#
#2026 08 28 03:51:21.163#Z#DEBUG#9f2c2b3d-a293-11f1-9e34-eeee0a9f0b65.ResilienceCockpit-srv#flowable-async-job-executor-thread-5428#
[PollStartAppStatusExecution] 846298f7-a9cf-4b9f-a20b-63e370407f6e [2026-08-28T03:41:26.858063] {"level":"info","logger":"cds","timestamp":"2026-08-28T03:41:26.857Z","layer":"cds","component_type":"application","container_id":"10.37.130.5","component_id":"846298f7-a9cf-4b9f-a20b-63e370407f6e","component_name":"ResilienceCockpit-srv","component_instance":0,"source_instance":0,"organization_name":"94060551trial","organization_id":"78e7b825-503f-4bdc-af4e-be86d7f43c8e","space_name":"dev","space_id":"039a1fe6-69a4-4c1e-9b8f-a64d47329d3e","msg":"server listening on { url: 'http://localhost:8080' }","type":"log"} (STDOUT, APP/PROC/WEB)#
#2026 08 28 03:51:21.163#Z#DEBUG#9f2c2b3d-a293-11f1-9e34-eeee0a9f0b65.ResilienceCockpit-srv#flowable-async-job-executor-thread-5428#
[PollStartAppStatusExecution] 846298f7-a9cf-4b9f-a20b-63e370407f6e [2026-08-28T03:41:26.858090] {"level":"info","logger":"cds","timestamp":"2026-08-28T03:41:26.857Z","layer":"cds","component_type":"application","container_id":"10.37.130.5","component_id":"846298f7-a9cf-4b9f-a20b-63e370407f6e","component_name":"ResilienceCockpit-srv","component_instance":0,"source_instance":0,"organization_name":"94060551trial","organization_id":"78e7b825-503f-4bdc-af4e-be86d7f43c8e","space_name":"dev","space_id":"039a1fe6-69a4-4c1e-9b8f-a64d47329d3e","msg":"server v9.9.3 launched in 674 ms","type":"log"} (STDOUT, APP/PROC/WEB)#
#2026 08 28 03:51:21.163#Z#DEBUG#9f2c2b3d-a293-11f1-9e34-eeee0a9f0b65.ResilienceCockpit-srv#flowable-async-job-executor-thread-5428#
[PollStartAppStatusExecution] 846298f7-a9cf-4b9f-a20b-63e370407f6e [2026-08-28T03:41:29.558122] Container became healthy (STDOUT, CELL)#
#2026 08 28 03:51:21.163#Z#DEBUG#9f2c2b3d-a293-11f1-9e34-eeee0a9f0b65.ResilienceCockpit-srv#flowable-async-job-executor-thread-5428#
[PollStartAppStatusExecution] 846298f7-a9cf-4b9f-a20b-63e370407f6e [2026-08-28T03:41:29.580640] Process became ready with guid 846298f7-a9cf-4b9f-a20b-63e370407f6e payload: {"instance"=>"75786e4b-dc33-40a1-666f-5f07", "index"=>0, "cell_id"=>"4761c3fb-8e91-4ced-804b-3db53058de34", "ready"=>true, "version"=>"13646031-9334-4446-8e04-9d6b61995f4c"} (STDOUT, API)#
#2026 08 28 03:51:21.163#Z#DEBUG#9f2c2b3d-a293-11f1-9e34-eeee0a9f0b65.ResilienceCockpit-srv#flowable-async-job-executor-thread-5428#
[PollStartAppStatusExecution] 846298f7-a9cf-4b9f-a20b-63e370407f6e [2026-08-28T03:50:53.234686] Updated app with guid 846298f7-a9cf-4b9f-a20b-63e370407f6e ({"lifecycle"=>{"data"=>{"buildpacks"=>["nodejs_buildpack"]}, "type"=>"buildpack"}}) (STDOUT, API)#
#2026 08 28 03:51:21.163#Z#DEBUG#9f2c2b3d-a293-11f1-9e34-eeee0a9f0b65.ResilienceCockpit-srv#flowable-async-job-executor-thread-5428#
[PollStartAppStatusExecution] 846298f7-a9cf-4b9f-a20b-63e370407f6e [2026-08-28T03:50:53.375732] Updating process: "web" (STDOUT, API)#
#2026 08 28 03:51:21.163#Z#DEBUG#9f2c2b3d-a293-11f1-9e34-eeee0a9f0b65.ResilienceCockpit-srv#flowable-async-job-executor-thread-5428#
[PollStartAppStatusExecution] 846298f7-a9cf-4b9f-a20b-63e370407f6e [2026-08-28T03:51:14.955267] Stopping app with guid 846298f7-a9cf-4b9f-a20b-63e370407f6e (STDOUT, API)#
#2026 08 28 03:51:21.163#Z#DEBUG#9f2c2b3d-a293-11f1-9e34-eeee0a9f0b65.ResilienceCockpit-srv#flowable-async-job-executor-thread-5428#
[PollStartAppStatusExecution] 846298f7-a9cf-4b9f-a20b-63e370407f6e [2026-08-28T03:51:14.991466] Cell 4761c3fb-8e91-4ced-804b-3db53058de34 stopping instance 75786e4b-dc33-40a1-666f-5f07 (STDOUT, CELL)#
#2026 08 28 03:51:21.163#Z#DEBUG#9f2c2b3d-a293-11f1-9e34-eeee0a9f0b65.ResilienceCockpit-srv#flowable-async-job-executor-thread-5428#
[PollStartAppStatusExecution] 846298f7-a9cf-4b9f-a20b-63e370407f6e [2026-08-28T03:51:15.257265] Starting app with guid 846298f7-a9cf-4b9f-a20b-63e370407f6e (STDOUT, API)#
#2026 08 28 03:51:21.163#Z#DEBUG#9f2c2b3d-a293-11f1-9e34-eeee0a9f0b65.ResilienceCockpit-srv#flowable-async-job-executor-thread-5428#
[PollStartAppStatusExecution] 846298f7-a9cf-4b9f-a20b-63e370407f6e [2026-08-28T03:51:15.412557] Cell c029166f-5c99-471a-95ad-14514ab6ab95 creating container for instance 5ebd65ae-f16a-40b4-51f2-7010 (STDOUT, CELL)#
#2026 08 28 03:51:21.163#Z#DEBUG#9f2c2b3d-a293-11f1-9e34-eeee0a9f0b65.ResilienceCockpit-srv#flowable-async-job-executor-thread-5428#
[PollStartAppStatusExecution] 846298f7-a9cf-4b9f-a20b-63e370407f6e [2026-08-28T03:51:15.750748] Security group rules were updated (STDOUT, CELL)#
#2026 08 28 03:51:21.163#Z#DEBUG#9f2c2b3d-a293-11f1-9e34-eeee0a9f0b65.ResilienceCockpit-srv#flowable-async-job-executor-thread-5428#
[PollStartAppStatusExecution] 846298f7-a9cf-4b9f-a20b-63e370407f6e [2026-08-28T03:51:15.793615] Cell c029166f-5c99-471a-95ad-14514ab6ab95 successfully created container for instance 5ebd65ae-f16a-40b4-51f2-7010 (STDOUT, CELL)#
#2026 08 28 03:51:21.163#Z#DEBUG#9f2c2b3d-a293-11f1-9e34-eeee0a9f0b65.ResilienceCockpit-srv#flowable-async-job-executor-thread-5428#
[PollStartAppStatusExecution] 846298f7-a9cf-4b9f-a20b-63e370407f6e [2026-08-28T03:51:16.964117] Downloading droplet... (STDOUT, CELL)#
#2026 08 28 03:51:21.163#Z#DEBUG#9f2c2b3d-a293-11f1-9e34-eeee0a9f0b65.ResilienceCockpit-srv#flowable-async-job-executor-thread-5428#
[PollStartAppStatusExecution] 846298f7-a9cf-4b9f-a20b-63e370407f6e [2026-08-28T03:51:20.453379] Downloaded droplet (70.3M) (STDOUT, CELL)#
#2026 08 28 03:51:21.163#Z#DEBUG#9f2c2b3d-a293-11f1-9e34-eeee0a9f0b65.ResilienceCockpit-srv#flowable-async-job-executor-thread-5428#
[PollStartAppStatusExecution] 846298f7-a9cf-4b9f-a20b-63e370407f6e [2026-08-28T03:51:20.453546] Starting health monitoring of container (STDOUT, CELL)#
#2026 08 28 03:51:21.163#Z#DEBUG#9f2c2b3d-a293-11f1-9e34-eeee0a9f0b65.ResilienceCockpit-srv#flowable-async-job-executor-thread-5428#
[PollStartAppStatusExecution] 846298f7-a9cf-4b9f-a20b-63e370407f6e [2026-08-28T03:51:20.504529] Invoking pre-start scripts. (STDOUT, APP/PROC/WEB)#
#2026 08 28 03:51:21.163#Z#DEBUG#9f2c2b3d-a293-11f1-9e34-eeee0a9f0b65.ResilienceCockpit-srv#flowable-async-job-executor-thread-5428#
[PollStartAppStatusExecution] 846298f7-a9cf-4b9f-a20b-63e370407f6e [2026-08-28T03:51:20.641812] Invoking start command. (STDOUT, APP/PROC/WEB)#
#2026 08 28 03:51:31.041#Z#DEBUG#9f2c2b3d-a293-11f1-9e34-eeee0a9f0b65.ResilienceCockpit-srv#flowable-async-job-executor-thread-5432#
[PollStartAppStatusExecution] 846298f7-a9cf-4b9f-a20b-63e370407f6e [2026-08-28T03:51:20.927202] > ResilienceCockpit@1.0.0 start (STDOUT, APP/PROC/WEB)#
#2026 08 28 03:51:31.041#Z#DEBUG#9f2c2b3d-a293-11f1-9e34-eeee0a9f0b65.ResilienceCockpit-srv#flowable-async-job-executor-thread-5432#
[PollStartAppStatusExecution] 846298f7-a9cf-4b9f-a20b-63e370407f6e [2026-08-28T03:51:20.927235] > cds-serve (STDOUT, APP/PROC/WEB)#
#2026 08 28 03:51:31.041#Z#DEBUG#9f2c2b3d-a293-11f1-9e34-eeee0a9f0b65.ResilienceCockpit-srv#flowable-async-job-executor-thread-5432#
[PollStartAppStatusExecution] 846298f7-a9cf-4b9f-a20b-63e370407f6e [2026-08-28T03:51:21.101163] [cds] - bootstrapping from { file: 'srv/server.js' } (STDOUT, APP/PROC/WEB)#
#2026 08 28 03:51:31.041#Z#DEBUG#9f2c2b3d-a293-11f1-9e34-eeee0a9f0b65.ResilienceCockpit-srv#flowable-async-job-executor-thread-5432#
[PollStartAppStatusExecution] 846298f7-a9cf-4b9f-a20b-63e370407f6e [2026-08-28T03:51:21.294276] {"level":"info","logger":"cds","timestamp":"2026-08-28T03:51:21.293Z","layer":"cds","component_type":"application","container_id":"10.37.130.4","component_id":"846298f7-a9cf-4b9f-a20b-63e370407f6e","component_name":"ResilienceCockpit-srv","component_instance":0,"source_instance":0,"organization_name":"94060551trial","organization_id":"78e7b825-503f-4bdc-af4e-be86d7f43c8e","space_name":"dev","space_id":"039a1fe6-69a4-4c1e-9b8f-a64d47329d3e","msg":"loaded model from 1 file(s):\n ","type":"log"} (STDOUT, APP/PROC/WEB)#
#2026 08 28 03:51:31.041#Z#DEBUG#9f2c2b3d-a293-11f1-9e34-eeee0a9f0b65.ResilienceCockpit-srv#flowable-async-job-executor-thread-5432#
[PollStartAppStatusExecution] 846298f7-a9cf-4b9f-a20b-63e370407f6e [2026-08-28T03:51:21.294313] srv/csn.json (STDOUT, APP/PROC/WEB)#
#2026 08 28 03:51:31.041#Z#DEBUG#9f2c2b3d-a293-11f1-9e34-eeee0a9f0b65.ResilienceCockpit-srv#flowable-async-job-executor-thread-5432#
[PollStartAppStatusExecution] 846298f7-a9cf-4b9f-a20b-63e370407f6e [2026-08-28T03:51:21.470677] {"level":"info","logger":"cds","timestamp":"2026-08-28T03:51:21.470Z","layer":"cds","component_type":"application","container_id":"10.37.130.4","component_id":"846298f7-a9cf-4b9f-a20b-63e370407f6e","component_name":"ResilienceCockpit-srv","component_instance":0,"source_instance":0,"organization_name":"94060551trial","organization_id":"78e7b825-503f-4bdc-af4e-be86d7f43c8e","space_name":"dev","space_id":"039a1fe6-69a4-4c1e-9b8f-a64d47329d3e","msg":"connect to db > hana {\n  url: 'jdbc:sap://eb9e608b-a8d8-462e-98e7-906abde25244.hna0.prod-us10.hanacloud.ondemand.com:443?encrypt=true&validateCertificate=true&currentschema=8697B1A4A8B84AC49EFF171810969752',\n  database_id: 'eb9e608b-a8d8-462e-98e7-906abde25244',\n  host: 'eb9e608b-a8d8-462e-98e7-906abde25244.hna0.prod-us10.hanacloud.ondemand.com',\n  port: '443',\n  driver: 'com.sap.db.jdbc.Driver',\n  schema: '8697B1A4A8B84AC49EFF171810969752',\n  certificate: '...',\n  hdi_user: '8697B1A4A8B84AC49EFF171810969752_B4SCSXTFML48V8NFH3EQ9TGHU_DT',\n  hdi_password: '...',\n  user: '8697B1A4A8B84AC49EFF171810969752_B4SCSXTFML48V8NFH3EQ9TGHU_RT',\n  password: '...'\n}","type":"log"} (STDOUT, APP/PROC/WEB)#
#2026 08 28 03:51:31.041#Z#DEBUG#9f2c2b3d-a293-11f1-9e34-eeee0a9f0b65.ResilienceCockpit-srv#flowable-async-job-executor-thread-5432#
[PollStartAppStatusExecution] 846298f7-a9cf-4b9f-a20b-63e370407f6e [2026-08-28T03:51:21.562251] {"level":"info","logger":"cds","timestamp":"2026-08-28T03:51:21.561Z","layer":"cds","component_type":"application","container_id":"10.37.130.4","component_id":"846298f7-a9cf-4b9f-a20b-63e370407f6e","component_name":"ResilienceCockpit-srv","component_instance":0,"source_instance":0,"organization_name":"94060551trial","organization_id":"78e7b825-503f-4bdc-af4e-be86d7f43c8e","space_name":"dev","space_id":"039a1fe6-69a4-4c1e-9b8f-a64d47329d3e","msg":"connect to ShippingCostAPI > rest { destination: 'jsondb' }","type":"log"} (STDOUT, APP/PROC/WEB)#
#2026 08 28 03:51:31.041#Z#DEBUG#9f2c2b3d-a293-11f1-9e34-eeee0a9f0b65.ResilienceCockpit-srv#flowable-async-job-executor-thread-5432#
[PollStartAppStatusExecution] 846298f7-a9cf-4b9f-a20b-63e370407f6e [2026-08-28T03:51:21.562859] {"level":"info","logger":"cds","timestamp":"2026-08-28T03:51:21.562Z","layer":"cds","component_type":"application","container_id":"10.37.130.4","component_id":"846298f7-a9cf-4b9f-a20b-63e370407f6e","component_name":"ResilienceCockpit-srv","component_instance":0,"source_instance":0,"organization_name":"94060551trial","organization_id":"78e7b825-503f-4bdc-af4e-be86d7f43c8e","space_name":"dev","space_id":"039a1fe6-69a4-4c1e-9b8f-a64d47329d3e","msg":"connect to API_INFORECORD_PROCESS_SRV > odata-v2 { destination: 'SAP_API_HUB' }","type":"log"} (STDOUT, APP/PROC/WEB)#
#2026 08 28 03:51:31.041#Z#DEBUG#9f2c2b3d-a293-11f1-9e34-eeee0a9f0b65.ResilienceCockpit-srv#flowable-async-job-executor-thread-5432#
[PollStartAppStatusExecution] 846298f7-a9cf-4b9f-a20b-63e370407f6e [2026-08-28T03:51:21.577460] {"level":"info","logger":"cds","timestamp":"2026-08-28T03:51:21.577Z","layer":"cds","component_type":"application","container_id":"10.37.130.4","component_id":"846298f7-a9cf-4b9f-a20b-63e370407f6e","component_name":"ResilienceCockpit-srv","component_instance":0,"source_instance":0,"organization_name":"94060551trial","organization_id":"78e7b825-503f-4bdc-af4e-be86d7f43c8e","space_name":"dev","space_id":"039a1fe6-69a4-4c1e-9b8f-a64d47329d3e","msg":"using auth strategy { kind: 'xsuaa' }","type":"log"} (STDOUT, APP/PROC/WEB)#
#2026 08 28 03:51:31.041#Z#DEBUG#9f2c2b3d-a293-11f1-9e34-eeee0a9f0b65.ResilienceCockpit-srv#flowable-async-job-executor-thread-5432#
[PollStartAppStatusExecution] 846298f7-a9cf-4b9f-a20b-63e370407f6e [2026-08-28T03:51:21.611996] {"level":"info","logger":"cds","timestamp":"2026-08-28T03:51:21.611Z","layer":"cds","component_type":"application","container_id":"10.37.130.4","component_id":"846298f7-a9cf-4b9f-a20b-63e370407f6e","component_name":"ResilienceCockpit-srv","component_instance":0,"source_instance":0,"organization_name":"94060551trial","organization_id":"78e7b825-503f-4bdc-af4e-be86d7f43c8e","space_name":"dev","space_id":"039a1fe6-69a4-4c1e-9b8f-a64d47329d3e","msg":"serving ResilienceCockpitService {\n  at: [ '/service/ResilienceCockpitService' ],\n  decl: 'srv/csn.json:313',\n  impl: 'srv/service.js'\n}","type":"log"} (STDOUT, APP/PROC/WEB)#
#2026 08 28 03:51:31.041#Z#DEBUG#9f2c2b3d-a293-11f1-9e34-eeee0a9f0b65.ResilienceCockpit-srv#flowable-async-job-executor-thread-5432#
[PollStartAppStatusExecution] 846298f7-a9cf-4b9f-a20b-63e370407f6e [2026-08-28T03:51:21.616745] {"level":"info","logger":"cds","timestamp":"2026-08-28T03:51:21.616Z","layer":"cds","component_type":"application","container_id":"10.37.130.4","component_id":"846298f7-a9cf-4b9f-a20b-63e370407f6e","component_name":"ResilienceCockpit-srv","component_instance":0,"source_instance":0,"organization_name":"94060551trial","organization_id":"78e7b825-503f-4bdc-af4e-be86d7f43c8e","space_name":"dev","space_id":"039a1fe6-69a4-4c1e-9b8f-a64d47329d3e","msg":"server listening on { url: 'http://localhost:8080' }","type":"log"} (STDOUT, APP/PROC/WEB)#
#2026 08 28 03:51:31.041#Z#DEBUG#9f2c2b3d-a293-11f1-9e34-eeee0a9f0b65.ResilienceCockpit-srv#flowable-async-job-executor-thread-5432#
[PollStartAppStatusExecution] 846298f7-a9cf-4b9f-a20b-63e370407f6e [2026-08-28T03:51:21.616985] {"level":"info","logger":"cds","timestamp":"2026-08-28T03:51:21.616Z","layer":"cds","component_type":"application","container_id":"10.37.130.4","component_id":"846298f7-a9cf-4b9f-a20b-63e370407f6e","component_name":"ResilienceCockpit-srv","component_instance":0,"source_instance":0,"organization_name":"94060551trial","organization_id":"78e7b825-503f-4bdc-af4e-be86d7f43c8e","space_name":"dev","space_id":"039a1fe6-69a4-4c1e-9b8f-a64d47329d3e","msg":"server v9.9.3 launched in 681 ms","type":"log"} (STDOUT, APP/PROC/WEB)#
#2026 08 28 03:51:31.041#Z#DEBUG#9f2c2b3d-a293-11f1-9e34-eeee0a9f0b65.ResilienceCockpit-srv#flowable-async-job-executor-thread-5432#
[PollStartAppStatusExecution] 846298f7-a9cf-4b9f-a20b-63e370407f6e [2026-08-28T03:51:24.276377] Container became healthy (STDOUT, CELL)#
#2026 08 28 03:51:31.041#Z#DEBUG#9f2c2b3d-a293-11f1-9e34-eeee0a9f0b65.ResilienceCockpit-srv#flowable-async-job-executor-thread-5432#
[PollStartAppStatusExecution] 846298f7-a9cf-4b9f-a20b-63e370407f6e [2026-08-28T03:51:24.302325] Process became ready with guid 846298f7-a9cf-4b9f-a20b-63e370407f6e payload: {"instance"=>"5ebd65ae-f16a-40b4-51f2-7010", "index"=>0, "cell_id"=>"c029166f-5c99-471a-95ad-14514ab6ab95", "ready"=>true, "version"=>"04053e43-d5cc-4ebc-be4d-111ba0d25bed"} (STDOUT, API)#
