#2026 08 25 08:48:31.111#Z#DEBUG#9140a271-a061-11f1-b78a-eeee0a986e3f.ResilienceCockpit-srv#flowable-async-job-executor-thread-2367#
[PollStageAppStatusExecution] 846298f7-a9cf-4b9f-a20b-63e370407f6e [2026-08-25T08:30:21.841960] Added process: "web" (STDOUT, API)#
#2026 08 25 08:48:31.111#Z#DEBUG#9140a271-a061-11f1-b78a-eeee0a986e3f.ResilienceCockpit-srv#flowable-async-job-executor-thread-2367#
[PollStageAppStatusExecution] 846298f7-a9cf-4b9f-a20b-63e370407f6e [2026-08-25T08:30:21.852526] Created app with guid 846298f7-a9cf-4b9f-a20b-63e370407f6e (STDOUT, API)#
#2026 08 25 08:48:31.111#Z#DEBUG#9140a271-a061-11f1-b78a-eeee0a986e3f.ResilienceCockpit-srv#flowable-async-job-executor-thread-2367#
[PollStageAppStatusExecution] 846298f7-a9cf-4b9f-a20b-63e370407f6e [2026-08-25T08:30:21.945316] Updating process: "web" (STDOUT, API)#
#2026 08 25 08:48:31.111#Z#DEBUG#9140a271-a061-11f1-b78a-eeee0a986e3f.ResilienceCockpit-srv#flowable-async-job-executor-thread-2367#
[PollStageAppStatusExecution] 846298f7-a9cf-4b9f-a20b-63e370407f6e [2026-08-25T08:30:22.005073] Scaling process: "web" (STDOUT, API)#
#2026 08 25 08:48:31.111#Z#DEBUG#9140a271-a061-11f1-b78a-eeee0a986e3f.ResilienceCockpit-srv#flowable-async-job-executor-thread-2367#
[PollStageAppStatusExecution] 846298f7-a9cf-4b9f-a20b-63e370407f6e [2026-08-25T08:30:40.661002] Uploading app package for app with guid 846298f7-a9cf-4b9f-a20b-63e370407f6e (STDOUT, API)#
#2026 08 25 08:48:31.111#Z#DEBUG#9140a271-a061-11f1-b78a-eeee0a986e3f.ResilienceCockpit-srv#flowable-async-job-executor-thread-2367#
[PollStageAppStatusExecution] 846298f7-a9cf-4b9f-a20b-63e370407f6e [2026-08-25T08:30:40.836348] Updated app with guid 846298f7-a9cf-4b9f-a20b-63e370407f6e ({"environment_variables"=>"[PRIVATE DATA HIDDEN]"}) (STDOUT, API)#
#2026 08 25 08:48:31.111#Z#DEBUG#9140a271-a061-11f1-b78a-eeee0a986e3f.ResilienceCockpit-srv#flowable-async-job-executor-thread-2367#
[PollStageAppStatusExecution] 846298f7-a9cf-4b9f-a20b-63e370407f6e [2026-08-25T08:31:00.423732] Creating build for app with guid 846298f7-a9cf-4b9f-a20b-63e370407f6e (STDOUT, API)#
#2026 08 25 08:48:31.111#Z#DEBUG#9140a271-a061-11f1-b78a-eeee0a986e3f.ResilienceCockpit-srv#flowable-async-job-executor-thread-2367#
[PollStageAppStatusExecution] 846298f7-a9cf-4b9f-a20b-63e370407f6e [2026-08-25T08:31:00.698817] Downloading nodejs_buildpack... (STDOUT, STG)#
#2026 08 25 08:48:31.111#Z#DEBUG#9140a271-a061-11f1-b78a-eeee0a986e3f.ResilienceCockpit-srv#flowable-async-job-executor-thread-2367#
[PollStageAppStatusExecution] 846298f7-a9cf-4b9f-a20b-63e370407f6e [2026-08-25T08:31:00.747728] Downloaded nodejs_buildpack (STDOUT, STG)#
#2026 08 25 08:48:31.111#Z#DEBUG#9140a271-a061-11f1-b78a-eeee0a986e3f.ResilienceCockpit-srv#flowable-async-job-executor-thread-2367#
[PollStageAppStatusExecution] 846298f7-a9cf-4b9f-a20b-63e370407f6e [2026-08-25T08:31:00.747821] Cell f95ef7fb-a2f2-480d-af80-cd44d0d9846b creating container for instance 2db5db4a-4486-4036-a9b3-7aeaaf4c412e (STDOUT, STG)#
#2026 08 25 08:48:31.111#Z#DEBUG#9140a271-a061-11f1-b78a-eeee0a986e3f.ResilienceCockpit-srv#flowable-async-job-executor-thread-2367#
[PollStageAppStatusExecution] 846298f7-a9cf-4b9f-a20b-63e370407f6e [2026-08-25T08:31:01.062914] Security group rules were updated (STDOUT, STG)#
#2026 08 25 08:48:31.111#Z#DEBUG#9140a271-a061-11f1-b78a-eeee0a986e3f.ResilienceCockpit-srv#flowable-async-job-executor-thread-2367#
[PollStageAppStatusExecution] 846298f7-a9cf-4b9f-a20b-63e370407f6e [2026-08-25T08:31:01.116804] Cell f95ef7fb-a2f2-480d-af80-cd44d0d9846b successfully created container for instance 2db5db4a-4486-4036-a9b3-7aeaaf4c412e (STDOUT, STG)#
#2026 08 25 08:48:31.111#Z#DEBUG#9140a271-a061-11f1-b78a-eeee0a986e3f.ResilienceCockpit-srv#flowable-async-job-executor-thread-2367#
[PollStageAppStatusExecution] 846298f7-a9cf-4b9f-a20b-63e370407f6e [2026-08-25T08:31:01.783981] Downloading app package... (STDOUT, STG)#
#2026 08 25 08:48:31.111#Z#DEBUG#9140a271-a061-11f1-b78a-eeee0a986e3f.ResilienceCockpit-srv#flowable-async-job-executor-thread-2367#
[PollStageAppStatusExecution] 846298f7-a9cf-4b9f-a20b-63e370407f6e [2026-08-25T08:31:02.921939] Downloaded app package (15.2M) (STDOUT, STG)#
#2026 08 25 08:48:31.111#Z#DEBUG#9140a271-a061-11f1-b78a-eeee0a986e3f.ResilienceCockpit-srv#flowable-async-job-executor-thread-2367#
[PollStageAppStatusExecution] 846298f7-a9cf-4b9f-a20b-63e370407f6e [2026-08-25T08:31:02.973084] -----> Nodejs Buildpack version 1.9.3 (STDOUT, STG)#
#2026 08 25 08:48:31.111#Z#DEBUG#9140a271-a061-11f1-b78a-eeee0a986e3f.ResilienceCockpit-srv#flowable-async-job-executor-thread-2367#
[PollStageAppStatusExecution] 846298f7-a9cf-4b9f-a20b-63e370407f6e [2026-08-25T08:31:03.322899] -----> Bootstrapping python (STDOUT, STG)#
#2026 08 25 08:48:31.111#Z#DEBUG#9140a271-a061-11f1-b78a-eeee0a986e3f.ResilienceCockpit-srv#flowable-async-job-executor-thread-2367#
[PollStageAppStatusExecution] 846298f7-a9cf-4b9f-a20b-63e370407f6e [2026-08-25T08:31:03.322925] -----> Installing python 3.13.14 (STDOUT, STG)#
#2026 08 25 08:48:31.111#Z#DEBUG#9140a271-a061-11f1-b78a-eeee0a986e3f.ResilienceCockpit-srv#flowable-async-job-executor-thread-2367#
[PollStageAppStatusExecution] 846298f7-a9cf-4b9f-a20b-63e370407f6e [2026-08-25T08:31:03.322948] Copy [/tmp/buildpacks/adc5840e3e50b48d/dependencies/4b4266a2ff36730aef37b88b668ca327/python_3.13.14_linux_x64_cflinuxfs4_b80d4954.tgz] (STDOUT, STG)#
#2026 08 25 08:48:31.111#Z#DEBUG#9140a271-a061-11f1-b78a-eeee0a986e3f.ResilienceCockpit-srv#flowable-async-job-executor-thread-2367#
[PollStageAppStatusExecution] 846298f7-a9cf-4b9f-a20b-63e370407f6e [2026-08-25T08:31:06.313083] -----> Installing binaries (STDOUT, STG)#
#2026 08 25 08:48:31.111#Z#DEBUG#9140a271-a061-11f1-b78a-eeee0a986e3f.ResilienceCockpit-srv#flowable-async-job-executor-thread-2367#
[PollStageAppStatusExecution] 846298f7-a9cf-4b9f-a20b-63e370407f6e [2026-08-25T08:31:06.313106] engines.node (package.json): >=20 (STDOUT, STG)#
#2026 08 25 08:48:31.111#Z#DEBUG#9140a271-a061-11f1-b78a-eeee0a986e3f.ResilienceCockpit-srv#flowable-async-job-executor-thread-2367#
[PollStageAppStatusExecution] 846298f7-a9cf-4b9f-a20b-63e370407f6e [2026-08-25T08:31:06.313113] engines.npm (package.json): unspecified (use default) (STDOUT, STG)#
#2026 08 25 08:48:31.111#Z#DEBUG#9140a271-a061-11f1-b78a-eeee0a986e3f.ResilienceCockpit-srv#flowable-async-job-executor-thread-2367#
[PollStageAppStatusExecution] 846298f7-a9cf-4b9f-a20b-63e370407f6e [2026-08-25T08:31:06.313123] [31;1m**WARNING**[0m Dangerous semver range (>) in engines.node. See: http://docs.cloudfoundry.org/buildpacks/node/node-tips.html (STDOUT, STG)#
#2026 08 25 08:48:31.111#Z#DEBUG#9140a271-a061-11f1-b78a-eeee0a986e3f.ResilienceCockpit-srv#flowable-async-job-executor-thread-2367#
[PollStageAppStatusExecution] 846298f7-a9cf-4b9f-a20b-63e370407f6e [2026-08-25T08:31:06.313139] -----> Installing node 24.18.0 (STDOUT, STG)#
#2026 08 25 08:48:31.111#Z#DEBUG#9140a271-a061-11f1-b78a-eeee0a986e3f.ResilienceCockpit-srv#flowable-async-job-executor-thread-2367#
[PollStageAppStatusExecution] 846298f7-a9cf-4b9f-a20b-63e370407f6e [2026-08-25T08:31:06.313253] Copy [/tmp/buildpacks/adc5840e3e50b48d/dependencies/dffbbb835fcd073c4544f78eb6247fac/node_24.18.0_linux_x64_cflinuxfs4_cdfed650.tgz] (STDOUT, STG)#
#2026 08 25 08:48:31.111#Z#DEBUG#9140a271-a061-11f1-b78a-eeee0a986e3f.ResilienceCockpit-srv#flowable-async-job-executor-thread-2367#
[PollStageAppStatusExecution] 846298f7-a9cf-4b9f-a20b-63e370407f6e [2026-08-25T08:31:08.040870] Using default npm version: 11.16.0 (STDOUT, STG)#
#2026 08 25 08:48:31.111#Z#DEBUG#9140a271-a061-11f1-b78a-eeee0a986e3f.ResilienceCockpit-srv#flowable-async-job-executor-thread-2367#
[PollStageAppStatusExecution] 846298f7-a9cf-4b9f-a20b-63e370407f6e [2026-08-25T08:31:08.040913] -----> Installing yarn 1.22.22 (STDOUT, STG)#
#2026 08 25 08:48:31.111#Z#DEBUG#9140a271-a061-11f1-b78a-eeee0a986e3f.ResilienceCockpit-srv#flowable-async-job-executor-thread-2367#
[PollStageAppStatusExecution] 846298f7-a9cf-4b9f-a20b-63e370407f6e [2026-08-25T08:31:08.041039] Copy [/tmp/buildpacks/adc5840e3e50b48d/dependencies/e4fe26756e9984a665478d350474fa2e/yarn_1.22.22_linux_noarch_any-stack_b6132b86.tgz] (STDOUT, STG)#
#2026 08 25 08:48:31.111#Z#DEBUG#9140a271-a061-11f1-b78a-eeee0a986e3f.ResilienceCockpit-srv#flowable-async-job-executor-thread-2367#
[PollStageAppStatusExecution] 846298f7-a9cf-4b9f-a20b-63e370407f6e [2026-08-25T08:31:08.284585] Installed yarn 1.22.22 (STDOUT, STG)#
#2026 08 25 08:48:31.111#Z#DEBUG#9140a271-a061-11f1-b78a-eeee0a986e3f.ResilienceCockpit-srv#flowable-async-job-executor-thread-2367#
[PollStageAppStatusExecution] 846298f7-a9cf-4b9f-a20b-63e370407f6e [2026-08-25T08:31:08.284606] -----> Creating runtime environment (STDOUT, STG)#
#2026 08 25 08:48:31.111#Z#DEBUG#9140a271-a061-11f1-b78a-eeee0a986e3f.ResilienceCockpit-srv#flowable-async-job-executor-thread-2367#
[PollStageAppStatusExecution] 846298f7-a9cf-4b9f-a20b-63e370407f6e [2026-08-25T08:31:08.285969] NODE_ENV=production (STDOUT, STG)#
#2026 08 25 08:48:31.111#Z#DEBUG#9140a271-a061-11f1-b78a-eeee0a986e3f.ResilienceCockpit-srv#flowable-async-job-executor-thread-2367#
[PollStageAppStatusExecution] 846298f7-a9cf-4b9f-a20b-63e370407f6e [2026-08-25T08:31:08.285986] NODE_HOME=/tmp/contents3594224708/deps/0/node (STDOUT, STG)#
#2026 08 25 08:48:31.111#Z#DEBUG#9140a271-a061-11f1-b78a-eeee0a986e3f.ResilienceCockpit-srv#flowable-async-job-executor-thread-2367#
[PollStageAppStatusExecution] 846298f7-a9cf-4b9f-a20b-63e370407f6e [2026-08-25T08:31:08.285989] NODE_MODULES_CACHE=true (STDOUT, STG)#
#2026 08 25 08:48:31.111#Z#DEBUG#9140a271-a061-11f1-b78a-eeee0a986e3f.ResilienceCockpit-srv#flowable-async-job-executor-thread-2367#
[PollStageAppStatusExecution] 846298f7-a9cf-4b9f-a20b-63e370407f6e [2026-08-25T08:31:08.285992] NODE_VERBOSE=false (STDOUT, STG)#
#2026 08 25 08:48:31.111#Z#DEBUG#9140a271-a061-11f1-b78a-eeee0a986e3f.ResilienceCockpit-srv#flowable-async-job-executor-thread-2367#
[PollStageAppStatusExecution] 846298f7-a9cf-4b9f-a20b-63e370407f6e [2026-08-25T08:31:08.285996] NPM_CONFIG_LOGLEVEL=error (STDOUT, STG)#
#2026 08 25 08:48:31.111#Z#DEBUG#9140a271-a061-11f1-b78a-eeee0a986e3f.ResilienceCockpit-srv#flowable-async-job-executor-thread-2367#
[PollStageAppStatusExecution] 846298f7-a9cf-4b9f-a20b-63e370407f6e [2026-08-25T08:31:08.285999] NPM_CONFIG_PRODUCTION=true (STDOUT, STG)#
#2026 08 25 08:48:31.111#Z#DEBUG#9140a271-a061-11f1-b78a-eeee0a986e3f.ResilienceCockpit-srv#flowable-async-job-executor-thread-2367#
[PollStageAppStatusExecution] 846298f7-a9cf-4b9f-a20b-63e370407f6e [2026-08-25T08:31:08.286009] -----> Building dependencies (STDOUT, STG)#
#2026 08 25 08:48:31.112#Z#DEBUG#9140a271-a061-11f1-b78a-eeee0a986e3f.ResilienceCockpit-srv#flowable-async-job-executor-thread-2367#
[PollStageAppStatusExecution] 846298f7-a9cf-4b9f-a20b-63e370407f6e [2026-08-25T08:31:08.286013] Prebuild detected (node_modules already exists) (STDOUT, STG)#
#2026 08 25 08:48:31.112#Z#DEBUG#9140a271-a061-11f1-b78a-eeee0a986e3f.ResilienceCockpit-srv#flowable-async-job-executor-thread-2367#
[PollStageAppStatusExecution] 846298f7-a9cf-4b9f-a20b-63e370407f6e [2026-08-25T08:31:08.286026] Rebuilding any native modules (STDOUT, STG)#
#2026 08 25 08:48:31.112#Z#DEBUG#9140a271-a061-11f1-b78a-eeee0a986e3f.ResilienceCockpit-srv#flowable-async-job-executor-thread-2367#
[PollStageAppStatusExecution] 846298f7-a9cf-4b9f-a20b-63e370407f6e [2026-08-25T08:31:08.858113] rebuilt dependencies successfully (STDOUT, STG)#
#2026 08 25 08:48:31.112#Z#DEBUG#9140a271-a061-11f1-b78a-eeee0a986e3f.ResilienceCockpit-srv#flowable-async-job-executor-thread-2367#
[PollStageAppStatusExecution] 846298f7-a9cf-4b9f-a20b-63e370407f6e [2026-08-25T08:31:08.859523] npm notice (STDOUT, STG)#
#2026 08 25 08:48:31.112#Z#DEBUG#9140a271-a061-11f1-b78a-eeee0a986e3f.ResilienceCockpit-srv#flowable-async-job-executor-thread-2367#
[PollStageAppStatusExecution] 846298f7-a9cf-4b9f-a20b-63e370407f6e [2026-08-25T08:31:08.859552] npm notice New major version of npm available! 11.16.0 -> 12.0.2 (STDOUT, STG)#
#2026 08 25 08:48:31.112#Z#DEBUG#9140a271-a061-11f1-b78a-eeee0a986e3f.ResilienceCockpit-srv#flowable-async-job-executor-thread-2367#
[PollStageAppStatusExecution] 846298f7-a9cf-4b9f-a20b-63e370407f6e [2026-08-25T08:31:08.859559] npm notice Changelog: https://github.com/npm/cli/releases/tag/v12.0.2 (STDOUT, STG)#
#2026 08 25 08:48:31.112#Z#DEBUG#9140a271-a061-11f1-b78a-eeee0a986e3f.ResilienceCockpit-srv#flowable-async-job-executor-thread-2367#
[PollStageAppStatusExecution] 846298f7-a9cf-4b9f-a20b-63e370407f6e [2026-08-25T08:31:08.859564] npm notice To update run: npm install -g npm@12.0.2 (STDOUT, STG)#
#2026 08 25 08:48:31.112#Z#DEBUG#9140a271-a061-11f1-b78a-eeee0a986e3f.ResilienceCockpit-srv#flowable-async-job-executor-thread-2367#
[PollStageAppStatusExecution] 846298f7-a9cf-4b9f-a20b-63e370407f6e [2026-08-25T08:31:08.859568] npm notice (STDOUT, STG)#
#2026 08 25 08:48:31.112#Z#DEBUG#9140a271-a061-11f1-b78a-eeee0a986e3f.ResilienceCockpit-srv#flowable-async-job-executor-thread-2367#
[PollStageAppStatusExecution] 846298f7-a9cf-4b9f-a20b-63e370407f6e [2026-08-25T08:31:08.907390] Installing any new modules (package.json + package-lock.json) (STDOUT, STG)#
#2026 08 25 08:48:31.112#Z#DEBUG#9140a271-a061-11f1-b78a-eeee0a986e3f.ResilienceCockpit-srv#flowable-async-job-executor-thread-2367#
[PollStageAppStatusExecution] 846298f7-a9cf-4b9f-a20b-63e370407f6e [2026-08-25T08:31:09.518981] up to date in 551ms (STDOUT, STG)#
#2026 08 25 08:48:31.112#Z#DEBUG#9140a271-a061-11f1-b78a-eeee0a986e3f.ResilienceCockpit-srv#flowable-async-job-executor-thread-2367#
[PollStageAppStatusExecution] 846298f7-a9cf-4b9f-a20b-63e370407f6e [2026-08-25T08:31:09.519153] 37 packages are looking for funding (STDOUT, STG)#
#2026 08 25 08:48:31.112#Z#DEBUG#9140a271-a061-11f1-b78a-eeee0a986e3f.ResilienceCockpit-srv#flowable-async-job-executor-thread-2367#
[PollStageAppStatusExecution] 846298f7-a9cf-4b9f-a20b-63e370407f6e [2026-08-25T08:31:09.519238] run `npm fund` for details (STDOUT, STG)#
#2026 08 25 08:48:31.112#Z#DEBUG#9140a271-a061-11f1-b78a-eeee0a986e3f.ResilienceCockpit-srv#flowable-async-job-executor-thread-2367#
[PollStageAppStatusExecution] 846298f7-a9cf-4b9f-a20b-63e370407f6e [2026-08-25T08:31:10.349832] Contrast Security no credentials found. Will not write environment files. (STDOUT, STG)#
#2026 08 25 08:48:31.112#Z#DEBUG#9140a271-a061-11f1-b78a-eeee0a986e3f.ResilienceCockpit-srv#flowable-async-job-executor-thread-2367#
[PollStageAppStatusExecution] 846298f7-a9cf-4b9f-a20b-63e370407f6e [2026-08-25T08:31:19.984987] Exit status 0 (STDOUT, STG)#
#2026 08 25 08:48:31.112#Z#DEBUG#9140a271-a061-11f1-b78a-eeee0a986e3f.ResilienceCockpit-srv#flowable-async-job-executor-thread-2367#
[PollStageAppStatusExecution] 846298f7-a9cf-4b9f-a20b-63e370407f6e [2026-08-25T08:31:19.985014] Uploading droplet, build artifacts cache... (STDOUT, STG)#
#2026 08 25 08:48:31.112#Z#DEBUG#9140a271-a061-11f1-b78a-eeee0a986e3f.ResilienceCockpit-srv#flowable-async-job-executor-thread-2367#
[PollStageAppStatusExecution] 846298f7-a9cf-4b9f-a20b-63e370407f6e [2026-08-25T08:31:19.985044] Uploading droplet... (STDOUT, STG)#
#2026 08 25 08:48:31.112#Z#DEBUG#9140a271-a061-11f1-b78a-eeee0a986e3f.ResilienceCockpit-srv#flowable-async-job-executor-thread-2367#
[PollStageAppStatusExecution] 846298f7-a9cf-4b9f-a20b-63e370407f6e [2026-08-25T08:31:19.985057] Uploading build artifacts cache... (STDOUT, STG)#
#2026 08 25 08:48:31.112#Z#DEBUG#9140a271-a061-11f1-b78a-eeee0a986e3f.ResilienceCockpit-srv#flowable-async-job-executor-thread-2367#
[PollStageAppStatusExecution] 846298f7-a9cf-4b9f-a20b-63e370407f6e [2026-08-25T08:31:20.030823] Uploaded build artifacts cache (215B) (STDOUT, STG)#
#2026 08 25 08:48:31.112#Z#DEBUG#9140a271-a061-11f1-b78a-eeee0a986e3f.ResilienceCockpit-srv#flowable-async-job-executor-thread-2367#
[PollStageAppStatusExecution] 846298f7-a9cf-4b9f-a20b-63e370407f6e [2026-08-25T08:31:20.585399] Creating droplet for app with guid 846298f7-a9cf-4b9f-a20b-63e370407f6e (STDOUT, API)#
#2026 08 25 08:48:31.112#Z#DEBUG#9140a271-a061-11f1-b78a-eeee0a986e3f.ResilienceCockpit-srv#flowable-async-job-executor-thread-2367#
[PollStageAppStatusExecution] 846298f7-a9cf-4b9f-a20b-63e370407f6e [2026-08-25T08:31:25.711375] Uploaded droplet (70.3M) (STDOUT, STG)#
#2026 08 25 08:48:31.112#Z#DEBUG#9140a271-a061-11f1-b78a-eeee0a986e3f.ResilienceCockpit-srv#flowable-async-job-executor-thread-2367#
[PollStageAppStatusExecution] 846298f7-a9cf-4b9f-a20b-63e370407f6e [2026-08-25T08:31:25.727731] Uploading complete (STDOUT, STG)#
#2026 08 25 08:48:31.112#Z#DEBUG#9140a271-a061-11f1-b78a-eeee0a986e3f.ResilienceCockpit-srv#flowable-async-job-executor-thread-2367#
[PollStageAppStatusExecution] 846298f7-a9cf-4b9f-a20b-63e370407f6e [2026-08-25T08:31:25.989204] Cell f95ef7fb-a2f2-480d-af80-cd44d0d9846b stopping instance 2db5db4a-4486-4036-a9b3-7aeaaf4c412e (STDOUT, STG)#
#2026 08 25 08:48:31.112#Z#DEBUG#9140a271-a061-11f1-b78a-eeee0a986e3f.ResilienceCockpit-srv#flowable-async-job-executor-thread-2367#
[PollStageAppStatusExecution] 846298f7-a9cf-4b9f-a20b-63e370407f6e [2026-08-25T08:31:25.989258] Cell f95ef7fb-a2f2-480d-af80-cd44d0d9846b destroying container for instance 2db5db4a-4486-4036-a9b3-7aeaaf4c412e (STDOUT, STG)#
#2026 08 25 08:48:31.112#Z#DEBUG#9140a271-a061-11f1-b78a-eeee0a986e3f.ResilienceCockpit-srv#flowable-async-job-executor-thread-2367#
[PollStageAppStatusExecution] 846298f7-a9cf-4b9f-a20b-63e370407f6e [2026-08-25T08:31:26.033879] Staging complete for build 2db5db4a-4486-4036-a9b3-7aeaaf4c412e (STDOUT, API)#
#2026 08 25 08:48:31.112#Z#DEBUG#9140a271-a061-11f1-b78a-eeee0a986e3f.ResilienceCockpit-srv#flowable-async-job-executor-thread-2367#
[PollStageAppStatusExecution] 846298f7-a9cf-4b9f-a20b-63e370407f6e [2026-08-25T08:31:28.400036] Cell f95ef7fb-a2f2-480d-af80-cd44d0d9846b successfully destroyed container for instance 2db5db4a-4486-4036-a9b3-7aeaaf4c412e (STDOUT, STG)#
#2026 08 25 08:48:31.112#Z#DEBUG#9140a271-a061-11f1-b78a-eeee0a986e3f.ResilienceCockpit-srv#flowable-async-job-executor-thread-2367#
[PollStageAppStatusExecution] 846298f7-a9cf-4b9f-a20b-63e370407f6e [2026-08-25T08:31:30.361069] Updated app with guid 846298f7-a9cf-4b9f-a20b-63e370407f6e ({:droplet_guid=>"d5b16845-0b96-4443-80b0-6137a5e873ba"}) (STDOUT, API)#
#2026 08 25 08:48:31.112#Z#DEBUG#9140a271-a061-11f1-b78a-eeee0a986e3f.ResilienceCockpit-srv#flowable-async-job-executor-thread-2367#
[PollStageAppStatusExecution] 846298f7-a9cf-4b9f-a20b-63e370407f6e [2026-08-25T08:31:30.524741] Creating revision for app with guid 846298f7-a9cf-4b9f-a20b-63e370407f6e (STDOUT, API)#
#2026 08 25 08:48:31.112#Z#DEBUG#9140a271-a061-11f1-b78a-eeee0a986e3f.ResilienceCockpit-srv#flowable-async-job-executor-thread-2367#
[PollStageAppStatusExecution] 846298f7-a9cf-4b9f-a20b-63e370407f6e [2026-08-25T08:31:30.590799] Starting app with guid 846298f7-a9cf-4b9f-a20b-63e370407f6e (STDOUT, API)#
#2026 08 25 08:48:31.112#Z#DEBUG#9140a271-a061-11f1-b78a-eeee0a986e3f.ResilienceCockpit-srv#flowable-async-job-executor-thread-2367#
[PollStageAppStatusExecution] 846298f7-a9cf-4b9f-a20b-63e370407f6e [2026-08-25T08:31:30.796926] Cell f95ef7fb-a2f2-480d-af80-cd44d0d9846b creating container for instance 7056d957-8cf8-47b6-579c-1fce (STDOUT, CELL)#
#2026 08 25 08:48:31.112#Z#DEBUG#9140a271-a061-11f1-b78a-eeee0a986e3f.ResilienceCockpit-srv#flowable-async-job-executor-thread-2367#
[PollStageAppStatusExecution] 846298f7-a9cf-4b9f-a20b-63e370407f6e [2026-08-25T08:31:31.126707] Security group rules were updated (STDOUT, CELL)#
#2026 08 25 08:48:31.112#Z#DEBUG#9140a271-a061-11f1-b78a-eeee0a986e3f.ResilienceCockpit-srv#flowable-async-job-executor-thread-2367#
[PollStageAppStatusExecution] 846298f7-a9cf-4b9f-a20b-63e370407f6e [2026-08-25T08:31:31.192542] Cell f95ef7fb-a2f2-480d-af80-cd44d0d9846b successfully created container for instance 7056d957-8cf8-47b6-579c-1fce (STDOUT, CELL)#
#2026 08 25 08:48:31.112#Z#DEBUG#9140a271-a061-11f1-b78a-eeee0a986e3f.ResilienceCockpit-srv#flowable-async-job-executor-thread-2367#
[PollStageAppStatusExecution] 846298f7-a9cf-4b9f-a20b-63e370407f6e [2026-08-25T08:31:31.823359] Downloading droplet... (STDOUT, CELL)#
#2026 08 25 08:48:31.112#Z#DEBUG#9140a271-a061-11f1-b78a-eeee0a986e3f.ResilienceCockpit-srv#flowable-async-job-executor-thread-2367#
[PollStageAppStatusExecution] 846298f7-a9cf-4b9f-a20b-63e370407f6e [2026-08-25T08:31:35.407439] Downloaded droplet (70.3M) (STDOUT, CELL)#
#2026 08 25 08:48:31.112#Z#DEBUG#9140a271-a061-11f1-b78a-eeee0a986e3f.ResilienceCockpit-srv#flowable-async-job-executor-thread-2367#
[PollStageAppStatusExecution] 846298f7-a9cf-4b9f-a20b-63e370407f6e [2026-08-25T08:31:35.407609] Starting health monitoring of container (STDOUT, CELL)#
#2026 08 25 08:48:31.112#Z#DEBUG#9140a271-a061-11f1-b78a-eeee0a986e3f.ResilienceCockpit-srv#flowable-async-job-executor-thread-2367#
[PollStageAppStatusExecution] 846298f7-a9cf-4b9f-a20b-63e370407f6e [2026-08-25T08:31:35.459060] Invoking pre-start scripts. (STDOUT, APP/PROC/WEB)#
#2026 08 25 08:48:31.112#Z#DEBUG#9140a271-a061-11f1-b78a-eeee0a986e3f.ResilienceCockpit-srv#flowable-async-job-executor-thread-2367#
[PollStageAppStatusExecution] 846298f7-a9cf-4b9f-a20b-63e370407f6e [2026-08-25T08:31:35.601299] Invoking start command. (STDOUT, APP/PROC/WEB)#
#2026 08 25 08:48:31.112#Z#DEBUG#9140a271-a061-11f1-b78a-eeee0a986e3f.ResilienceCockpit-srv#flowable-async-job-executor-thread-2367#
[PollStageAppStatusExecution] 846298f7-a9cf-4b9f-a20b-63e370407f6e [2026-08-25T08:31:35.897808] > ResilienceCockpit@1.0.0 start (STDOUT, APP/PROC/WEB)#
#2026 08 25 08:48:31.112#Z#DEBUG#9140a271-a061-11f1-b78a-eeee0a986e3f.ResilienceCockpit-srv#flowable-async-job-executor-thread-2367#
[PollStageAppStatusExecution] 846298f7-a9cf-4b9f-a20b-63e370407f6e [2026-08-25T08:31:35.897828] > cds-serve (STDOUT, APP/PROC/WEB)#
#2026 08 25 08:48:31.112#Z#DEBUG#9140a271-a061-11f1-b78a-eeee0a986e3f.ResilienceCockpit-srv#flowable-async-job-executor-thread-2367#
[PollStageAppStatusExecution] 846298f7-a9cf-4b9f-a20b-63e370407f6e [2026-08-25T08:31:36.068699] [cds] - bootstrapping from { file: 'srv/server.js' } (STDOUT, APP/PROC/WEB)#
#2026 08 25 08:48:31.112#Z#DEBUG#9140a271-a061-11f1-b78a-eeee0a986e3f.ResilienceCockpit-srv#flowable-async-job-executor-thread-2367#
[PollStageAppStatusExecution] 846298f7-a9cf-4b9f-a20b-63e370407f6e [2026-08-25T08:31:36.265070] {"level":"info","logger":"cds","timestamp":"2026-08-25T08:31:36.264Z","layer":"cds","component_type":"application","container_id":"10.37.129.4","component_id":"846298f7-a9cf-4b9f-a20b-63e370407f6e","component_name":"ResilienceCockpit-srv","component_instance":0,"source_instance":0,"organization_name":"94060551trial","organization_id":"78e7b825-503f-4bdc-af4e-be86d7f43c8e","space_name":"dev","space_id":"039a1fe6-69a4-4c1e-9b8f-a64d47329d3e","msg":"loaded model from 1 file(s):\n ","type":"log"} (STDOUT, APP/PROC/WEB)#
#2026 08 25 08:48:31.112#Z#DEBUG#9140a271-a061-11f1-b78a-eeee0a986e3f.ResilienceCockpit-srv#flowable-async-job-executor-thread-2367#
[PollStageAppStatusExecution] 846298f7-a9cf-4b9f-a20b-63e370407f6e [2026-08-25T08:31:36.265099] srv/csn.json (STDOUT, APP/PROC/WEB)#
#2026 08 25 08:48:31.112#Z#DEBUG#9140a271-a061-11f1-b78a-eeee0a986e3f.ResilienceCockpit-srv#flowable-async-job-executor-thread-2367#
[PollStageAppStatusExecution] 846298f7-a9cf-4b9f-a20b-63e370407f6e [2026-08-25T08:31:36.437468] {"level":"info","logger":"cds","timestamp":"2026-08-25T08:31:36.436Z","layer":"cds","component_type":"application","container_id":"10.37.129.4","component_id":"846298f7-a9cf-4b9f-a20b-63e370407f6e","component_name":"ResilienceCockpit-srv","component_instance":0,"source_instance":0,"organization_name":"94060551trial","organization_id":"78e7b825-503f-4bdc-af4e-be86d7f43c8e","space_name":"dev","space_id":"039a1fe6-69a4-4c1e-9b8f-a64d47329d3e","msg":"connect to db > hana {\n  url: 'jdbc:sap://eb9e608b-a8d8-462e-98e7-906abde25244.hna0.prod-us10.hanacloud.ondemand.com:443?encrypt=true&validateCertificate=true&currentschema=8697B1A4A8B84AC49EFF171810969752',\n  database_id: 'eb9e608b-a8d8-462e-98e7-906abde25244',\n  host: 'eb9e608b-a8d8-462e-98e7-906abde25244.hna0.prod-us10.hanacloud.ondemand.com',\n  port: '443',\n  driver: 'com.sap.db.jdbc.Driver',\n  schema: '8697B1A4A8B84AC49EFF171810969752',\n  certificate: '...',\n  hdi_user: '8697B1A4A8B84AC49EFF171810969752_B4SCSXTFML48V8NFH3EQ9TGHU_DT',\n  hdi_password: '...',\n  user: '8697B1A4A8B84AC49EFF171810969752_B4SCSXTFML48V8NFH3EQ9TGHU_RT',\n  password: '...'\n}","type":"log"} (STDOUT, APP/PROC/WEB)#
#2026 08 25 08:48:31.112#Z#DEBUG#9140a271-a061-11f1-b78a-eeee0a986e3f.ResilienceCockpit-srv#flowable-async-job-executor-thread-2367#
[PollStageAppStatusExecution] 846298f7-a9cf-4b9f-a20b-63e370407f6e [2026-08-25T08:31:36.528913] {"level":"info","logger":"cds","timestamp":"2026-08-25T08:31:36.528Z","layer":"cds","component_type":"application","container_id":"10.37.129.4","component_id":"846298f7-a9cf-4b9f-a20b-63e370407f6e","component_name":"ResilienceCockpit-srv","component_instance":0,"source_instance":0,"organization_name":"94060551trial","organization_id":"78e7b825-503f-4bdc-af4e-be86d7f43c8e","space_name":"dev","space_id":"039a1fe6-69a4-4c1e-9b8f-a64d47329d3e","msg":"connect to ShippingCostAPI > rest { destination: 'jsondb' }","type":"log"} (STDOUT, APP/PROC/WEB)#
#2026 08 25 08:48:31.112#Z#DEBUG#9140a271-a061-11f1-b78a-eeee0a986e3f.ResilienceCockpit-srv#flowable-async-job-executor-thread-2367#
[PollStageAppStatusExecution] 846298f7-a9cf-4b9f-a20b-63e370407f6e [2026-08-25T08:31:36.529315] {"level":"info","logger":"cds","timestamp":"2026-08-25T08:31:36.529Z","layer":"cds","component_type":"application","container_id":"10.37.129.4","component_id":"846298f7-a9cf-4b9f-a20b-63e370407f6e","component_name":"ResilienceCockpit-srv","component_instance":0,"source_instance":0,"organization_name":"94060551trial","organization_id":"78e7b825-503f-4bdc-af4e-be86d7f43c8e","space_name":"dev","space_id":"039a1fe6-69a4-4c1e-9b8f-a64d47329d3e","msg":"connect to API_INFORECORD_PROCESS_SRV > odata-v2 { destination: 'SAP_API_HUB' }","type":"log"} (STDOUT, APP/PROC/WEB)#
#2026 08 25 08:48:31.112#Z#DEBUG#9140a271-a061-11f1-b78a-eeee0a986e3f.ResilienceCockpit-srv#flowable-async-job-executor-thread-2367#
[PollStageAppStatusExecution] 846298f7-a9cf-4b9f-a20b-63e370407f6e [2026-08-25T08:31:36.543525] {"level":"info","logger":"cds","timestamp":"2026-08-25T08:31:36.543Z","layer":"cds","component_type":"application","container_id":"10.37.129.4","component_id":"846298f7-a9cf-4b9f-a20b-63e370407f6e","component_name":"ResilienceCockpit-srv","component_instance":0,"source_instance":0,"organization_name":"94060551trial","organization_id":"78e7b825-503f-4bdc-af4e-be86d7f43c8e","space_name":"dev","space_id":"039a1fe6-69a4-4c1e-9b8f-a64d47329d3e","msg":"using auth strategy { kind: 'xsuaa' }","type":"log"} (STDOUT, APP/PROC/WEB)#
#2026 08 25 08:48:31.112#Z#DEBUG#9140a271-a061-11f1-b78a-eeee0a986e3f.ResilienceCockpit-srv#flowable-async-job-executor-thread-2367#
[PollStageAppStatusExecution] 846298f7-a9cf-4b9f-a20b-63e370407f6e [2026-08-25T08:31:36.577026] {"level":"info","logger":"cds","timestamp":"2026-08-25T08:31:36.576Z","layer":"cds","component_type":"application","container_id":"10.37.129.4","component_id":"846298f7-a9cf-4b9f-a20b-63e370407f6e","component_name":"ResilienceCockpit-srv","component_instance":0,"source_instance":0,"organization_name":"94060551trial","organization_id":"78e7b825-503f-4bdc-af4e-be86d7f43c8e","space_name":"dev","space_id":"039a1fe6-69a4-4c1e-9b8f-a64d47329d3e","msg":"serving ResilienceCockpitService {\n  at: [ '/service/ResilienceCockpitService' ],\n  decl: 'srv/csn.json:313',\n  impl: 'srv/service.js'\n}","type":"log"} (STDOUT, APP/PROC/WEB)#
#2026 08 25 08:48:31.112#Z#DEBUG#9140a271-a061-11f1-b78a-eeee0a986e3f.ResilienceCockpit-srv#flowable-async-job-executor-thread-2367#
[PollStageAppStatusExecution] 846298f7-a9cf-4b9f-a20b-63e370407f6e [2026-08-25T08:31:36.581235] {"level":"info","logger":"cds","timestamp":"2026-08-25T08:31:36.580Z","layer":"cds","component_type":"application","container_id":"10.37.129.4","component_id":"846298f7-a9cf-4b9f-a20b-63e370407f6e","component_name":"ResilienceCockpit-srv","component_instance":0,"source_instance":0,"organization_name":"94060551trial","organization_id":"78e7b825-503f-4bdc-af4e-be86d7f43c8e","space_name":"dev","space_id":"039a1fe6-69a4-4c1e-9b8f-a64d47329d3e","msg":"server listening on { url: 'http://localhost:8080' }","type":"log"} (STDOUT, APP/PROC/WEB)#
#2026 08 25 08:48:31.112#Z#DEBUG#9140a271-a061-11f1-b78a-eeee0a986e3f.ResilienceCockpit-srv#flowable-async-job-executor-thread-2367#
[PollStageAppStatusExecution] 846298f7-a9cf-4b9f-a20b-63e370407f6e [2026-08-25T08:31:36.581277] {"level":"info","logger":"cds","timestamp":"2026-08-25T08:31:36.581Z","layer":"cds","component_type":"application","container_id":"10.37.129.4","component_id":"846298f7-a9cf-4b9f-a20b-63e370407f6e","component_name":"ResilienceCockpit-srv","component_instance":0,"source_instance":0,"organization_name":"94060551trial","organization_id":"78e7b825-503f-4bdc-af4e-be86d7f43c8e","space_name":"dev","space_id":"039a1fe6-69a4-4c1e-9b8f-a64d47329d3e","msg":"server v9.9.3 launched in 675 ms","type":"log"} (STDOUT, APP/PROC/WEB)#
#2026 08 25 08:48:31.112#Z#DEBUG#9140a271-a061-11f1-b78a-eeee0a986e3f.ResilienceCockpit-srv#flowable-async-job-executor-thread-2367#
[PollStageAppStatusExecution] 846298f7-a9cf-4b9f-a20b-63e370407f6e [2026-08-25T08:31:39.647933] Container became healthy (STDOUT, CELL)#
#2026 08 25 08:48:31.112#Z#DEBUG#9140a271-a061-11f1-b78a-eeee0a986e3f.ResilienceCockpit-srv#flowable-async-job-executor-thread-2367#
[PollStageAppStatusExecution] 846298f7-a9cf-4b9f-a20b-63e370407f6e [2026-08-25T08:31:39.675898] Process became ready with guid 846298f7-a9cf-4b9f-a20b-63e370407f6e payload: {"instance"=>"7056d957-8cf8-47b6-579c-1fce", "index"=>0, "cell_id"=>"f95ef7fb-a2f2-480d-af80-cd44d0d9846b", "ready"=>true, "version"=>"244b1fdd-8775-442f-9734-e93a648dd13f"} (STDOUT, API)#
#2026 08 25 08:48:31.112#Z#DEBUG#9140a271-a061-11f1-b78a-eeee0a986e3f.ResilienceCockpit-srv#flowable-async-job-executor-thread-2367#
[PollStageAppStatusExecution] 846298f7-a9cf-4b9f-a20b-63e370407f6e [2026-08-25T08:47:31.483385] Updated app with guid 846298f7-a9cf-4b9f-a20b-63e370407f6e ({"lifecycle"=>{"data"=>{"buildpacks"=>["nodejs_buildpack"]}, "type"=>"buildpack"}}) (STDOUT, API)#
#2026 08 25 08:48:31.112#Z#DEBUG#9140a271-a061-11f1-b78a-eeee0a986e3f.ResilienceCockpit-srv#flowable-async-job-executor-thread-2367#
[PollStageAppStatusExecution] 846298f7-a9cf-4b9f-a20b-63e370407f6e [2026-08-25T08:47:31.603225] Updating process: "web" (STDOUT, API)#
#2026 08 25 08:48:31.112#Z#DEBUG#9140a271-a061-11f1-b78a-eeee0a986e3f.ResilienceCockpit-srv#flowable-async-job-executor-thread-2367#
[PollStageAppStatusExecution] 846298f7-a9cf-4b9f-a20b-63e370407f6e [2026-08-25T08:48:01.407511] Uploading app package for app with guid 846298f7-a9cf-4b9f-a20b-63e370407f6e (STDOUT, API)#
#2026 08 25 08:48:31.112#Z#DEBUG#9140a271-a061-11f1-b78a-eeee0a986e3f.ResilienceCockpit-srv#flowable-async-job-executor-thread-2367#
[PollStageAppStatusExecution] 846298f7-a9cf-4b9f-a20b-63e370407f6e [2026-08-25T08:48:01.576428] Updated app with guid 846298f7-a9cf-4b9f-a20b-63e370407f6e ({"environment_variables"=>"[PRIVATE DATA HIDDEN]"}) (STDOUT, API)#
#2026 08 25 08:48:31.112#Z#DEBUG#9140a271-a061-11f1-b78a-eeee0a986e3f.ResilienceCockpit-srv#flowable-async-job-executor-thread-2367#
[PollStageAppStatusExecution] 846298f7-a9cf-4b9f-a20b-63e370407f6e [2026-08-25T08:48:21.307165] Stopping app with guid 846298f7-a9cf-4b9f-a20b-63e370407f6e (STDOUT, API)#
#2026 08 25 08:48:31.112#Z#DEBUG#9140a271-a061-11f1-b78a-eeee0a986e3f.ResilienceCockpit-srv#flowable-async-job-executor-thread-2367#
[PollStageAppStatusExecution] 846298f7-a9cf-4b9f-a20b-63e370407f6e [2026-08-25T08:48:21.348901] Cell f95ef7fb-a2f2-480d-af80-cd44d0d9846b stopping instance 7056d957-8cf8-47b6-579c-1fce (STDOUT, CELL)#
#2026 08 25 08:48:31.112#Z#DEBUG#9140a271-a061-11f1-b78a-eeee0a986e3f.ResilienceCockpit-srv#flowable-async-job-executor-thread-2367#
[PollStageAppStatusExecution] 846298f7-a9cf-4b9f-a20b-63e370407f6e [2026-08-25T08:48:21.509798] Creating build for app with guid 846298f7-a9cf-4b9f-a20b-63e370407f6e (STDOUT, API)#
#2026 08 25 08:48:31.112#Z#DEBUG#9140a271-a061-11f1-b78a-eeee0a986e3f.ResilienceCockpit-srv#flowable-async-job-executor-thread-2367#
[PollStageAppStatusExecution] 846298f7-a9cf-4b9f-a20b-63e370407f6e [2026-08-25T08:48:21.813180] Downloading nodejs_buildpack... (STDOUT, STG)#
#2026 08 25 08:48:31.112#Z#DEBUG#9140a271-a061-11f1-b78a-eeee0a986e3f.ResilienceCockpit-srv#flowable-async-job-executor-thread-2367#
[PollStageAppStatusExecution] 846298f7-a9cf-4b9f-a20b-63e370407f6e [2026-08-25T08:48:21.848401] Downloaded nodejs_buildpack (STDOUT, STG)#
#2026 08 25 08:48:31.112#Z#DEBUG#9140a271-a061-11f1-b78a-eeee0a986e3f.ResilienceCockpit-srv#flowable-async-job-executor-thread-2367#
[PollStageAppStatusExecution] 846298f7-a9cf-4b9f-a20b-63e370407f6e [2026-08-25T08:48:21.848512] Cell 13752499-11e5-4ce9-a7df-2188d5ab1e0d creating container for instance ee24e400-048d-4e99-a950-ca2dda989c30 (STDOUT, STG)#
#2026 08 25 08:48:31.112#Z#DEBUG#9140a271-a061-11f1-b78a-eeee0a986e3f.ResilienceCockpit-srv#flowable-async-job-executor-thread-2367#
[PollStageAppStatusExecution] 846298f7-a9cf-4b9f-a20b-63e370407f6e [2026-08-25T08:48:22.180022] Security group rules were updated (STDOUT, STG)#
#2026 08 25 08:48:31.112#Z#DEBUG#9140a271-a061-11f1-b78a-eeee0a986e3f.ResilienceCockpit-srv#flowable-async-job-executor-thread-2367#
[PollStageAppStatusExecution] 846298f7-a9cf-4b9f-a20b-63e370407f6e [2026-08-25T08:48:22.225458] Cell 13752499-11e5-4ce9-a7df-2188d5ab1e0d successfully created container for instance ee24e400-048d-4e99-a950-ca2dda989c30 (STDOUT, STG)#
#2026 08 25 08:48:31.112#Z#DEBUG#9140a271-a061-11f1-b78a-eeee0a986e3f.ResilienceCockpit-srv#flowable-async-job-executor-thread-2367#
[PollStageAppStatusExecution] 846298f7-a9cf-4b9f-a20b-63e370407f6e [2026-08-25T08:48:22.859682] Downloading app package... (STDOUT, STG)#
#2026 08 25 08:48:31.112#Z#DEBUG#9140a271-a061-11f1-b78a-eeee0a986e3f.ResilienceCockpit-srv#flowable-async-job-executor-thread-2367#
[PollStageAppStatusExecution] 846298f7-a9cf-4b9f-a20b-63e370407f6e [2026-08-25T08:48:22.859746] Downloading build artifacts cache... (STDOUT, STG)#
#2026 08 25 08:48:31.112#Z#DEBUG#9140a271-a061-11f1-b78a-eeee0a986e3f.ResilienceCockpit-srv#flowable-async-job-executor-thread-2367#
[PollStageAppStatusExecution] 846298f7-a9cf-4b9f-a20b-63e370407f6e [2026-08-25T08:48:22.914176] Downloaded build artifacts cache (215B) (STDOUT, STG)#
#2026 08 25 08:48:31.112#Z#DEBUG#9140a271-a061-11f1-b78a-eeee0a986e3f.ResilienceCockpit-srv#flowable-async-job-executor-thread-2367#
[PollStageAppStatusExecution] 846298f7-a9cf-4b9f-a20b-63e370407f6e [2026-08-25T08:48:23.939344] Downloaded app package (15.2M) (STDOUT, STG)#
#2026 08 25 08:48:31.112#Z#DEBUG#9140a271-a061-11f1-b78a-eeee0a986e3f.ResilienceCockpit-srv#flowable-async-job-executor-thread-2367#
[PollStageAppStatusExecution] 846298f7-a9cf-4b9f-a20b-63e370407f6e [2026-08-25T08:48:23.989674] -----> Nodejs Buildpack version 1.9.3 (STDOUT, STG)#
#2026 08 25 08:48:31.112#Z#DEBUG#9140a271-a061-11f1-b78a-eeee0a986e3f.ResilienceCockpit-srv#flowable-async-job-executor-thread-2367#
[PollStageAppStatusExecution] 846298f7-a9cf-4b9f-a20b-63e370407f6e [2026-08-25T08:48:24.327168] -----> Bootstrapping python (STDOUT, STG)#
#2026 08 25 08:48:31.112#Z#DEBUG#9140a271-a061-11f1-b78a-eeee0a986e3f.ResilienceCockpit-srv#flowable-async-job-executor-thread-2367#
[PollStageAppStatusExecution] 846298f7-a9cf-4b9f-a20b-63e370407f6e [2026-08-25T08:48:24.327182] -----> Installing python 3.13.14 (STDOUT, STG)#
#2026 08 25 08:48:31.112#Z#DEBUG#9140a271-a061-11f1-b78a-eeee0a986e3f.ResilienceCockpit-srv#flowable-async-job-executor-thread-2367#
[PollStageAppStatusExecution] 846298f7-a9cf-4b9f-a20b-63e370407f6e [2026-08-25T08:48:24.327238] Copy [/tmp/buildpacks/adc5840e3e50b48d/dependencies/4b4266a2ff36730aef37b88b668ca327/python_3.13.14_linux_x64_cflinuxfs4_b80d4954.tgz] (STDOUT, STG)#
#2026 08 25 08:48:31.112#Z#DEBUG#9140a271-a061-11f1-b78a-eeee0a986e3f.ResilienceCockpit-srv#flowable-async-job-executor-thread-2367#
[PollStageAppStatusExecution] 846298f7-a9cf-4b9f-a20b-63e370407f6e [2026-08-25T08:48:27.301232] -----> Installing binaries (STDOUT, STG)#
#2026 08 25 08:48:31.112#Z#DEBUG#9140a271-a061-11f1-b78a-eeee0a986e3f.ResilienceCockpit-srv#flowable-async-job-executor-thread-2367#
[PollStageAppStatusExecution] 846298f7-a9cf-4b9f-a20b-63e370407f6e [2026-08-25T08:48:27.301336] engines.node (package.json): >=20 (STDOUT, STG)#
#2026 08 25 08:48:31.112#Z#DEBUG#9140a271-a061-11f1-b78a-eeee0a986e3f.ResilienceCockpit-srv#flowable-async-job-executor-thread-2367#
[PollStageAppStatusExecution] 846298f7-a9cf-4b9f-a20b-63e370407f6e [2026-08-25T08:48:27.301355] engines.npm (package.json): unspecified (use default) (STDOUT, STG)#
#2026 08 25 08:48:31.112#Z#DEBUG#9140a271-a061-11f1-b78a-eeee0a986e3f.ResilienceCockpit-srv#flowable-async-job-executor-thread-2367#
[PollStageAppStatusExecution] 846298f7-a9cf-4b9f-a20b-63e370407f6e [2026-08-25T08:48:27.301375] [31;1m**WARNING**[0m Dangerous semver range (>) in engines.node. See: http://docs.cloudfoundry.org/buildpacks/node/node-tips.html (STDOUT, STG)#
#2026 08 25 08:48:31.112#Z#DEBUG#9140a271-a061-11f1-b78a-eeee0a986e3f.ResilienceCockpit-srv#flowable-async-job-executor-thread-2367#
[PollStageAppStatusExecution] 846298f7-a9cf-4b9f-a20b-63e370407f6e [2026-08-25T08:48:27.301476] -----> Installing node 24.18.0 (STDOUT, STG)#
#2026 08 25 08:48:31.112#Z#DEBUG#9140a271-a061-11f1-b78a-eeee0a986e3f.ResilienceCockpit-srv#flowable-async-job-executor-thread-2367#
[PollStageAppStatusExecution] 846298f7-a9cf-4b9f-a20b-63e370407f6e [2026-08-25T08:48:27.301559] Copy [/tmp/buildpacks/adc5840e3e50b48d/dependencies/dffbbb835fcd073c4544f78eb6247fac/node_24.18.0_linux_x64_cflinuxfs4_cdfed650.tgz] (STDOUT, STG)#
#2026 08 25 08:48:31.112#Z#DEBUG#9140a271-a061-11f1-b78a-eeee0a986e3f.ResilienceCockpit-srv#flowable-async-job-executor-thread-2367#
[PollStageAppStatusExecution] 846298f7-a9cf-4b9f-a20b-63e370407f6e [2026-08-25T08:48:29.025007] Using default npm version: 11.16.0 (STDOUT, STG)#
#2026 08 25 08:48:31.112#Z#DEBUG#9140a271-a061-11f1-b78a-eeee0a986e3f.ResilienceCockpit-srv#flowable-async-job-executor-thread-2367#
[PollStageAppStatusExecution] 846298f7-a9cf-4b9f-a20b-63e370407f6e [2026-08-25T08:48:29.025050] -----> Installing yarn 1.22.22 (STDOUT, STG)#
#2026 08 25 08:48:31.112#Z#DEBUG#9140a271-a061-11f1-b78a-eeee0a986e3f.ResilienceCockpit-srv#flowable-async-job-executor-thread-2367#
[PollStageAppStatusExecution] 846298f7-a9cf-4b9f-a20b-63e370407f6e [2026-08-25T08:48:29.025099] Copy [/tmp/buildpacks/adc5840e3e50b48d/dependencies/e4fe26756e9984a665478d350474fa2e/yarn_1.22.22_linux_noarch_any-stack_b6132b86.tgz] (STDOUT, STG)#
#2026 08 25 08:48:31.112#Z#DEBUG#9140a271-a061-11f1-b78a-eeee0a986e3f.ResilienceCockpit-srv#flowable-async-job-executor-thread-2367#
[PollStageAppStatusExecution] 846298f7-a9cf-4b9f-a20b-63e370407f6e [2026-08-25T08:48:29.274652] Installed yarn 1.22.22 (STDOUT, STG)#
#2026 08 25 08:48:31.112#Z#DEBUG#9140a271-a061-11f1-b78a-eeee0a986e3f.ResilienceCockpit-srv#flowable-async-job-executor-thread-2367#
[PollStageAppStatusExecution] 846298f7-a9cf-4b9f-a20b-63e370407f6e [2026-08-25T08:48:29.274677] -----> Creating runtime environment (STDOUT, STG)#
#2026 08 25 08:48:31.112#Z#DEBUG#9140a271-a061-11f1-b78a-eeee0a986e3f.ResilienceCockpit-srv#flowable-async-job-executor-thread-2367#
[PollStageAppStatusExecution] 846298f7-a9cf-4b9f-a20b-63e370407f6e [2026-08-25T08:48:29.276174] NODE_ENV=production (STDOUT, STG)#
#2026 08 25 08:48:31.112#Z#DEBUG#9140a271-a061-11f1-b78a-eeee0a986e3f.ResilienceCockpit-srv#flowable-async-job-executor-thread-2367#
[PollStageAppStatusExecution] 846298f7-a9cf-4b9f-a20b-63e370407f6e [2026-08-25T08:48:29.276189] NODE_HOME=/tmp/contents2292709696/deps/0/node (STDOUT, STG)#
#2026 08 25 08:48:31.112#Z#DEBUG#9140a271-a061-11f1-b78a-eeee0a986e3f.ResilienceCockpit-srv#flowable-async-job-executor-thread-2367#
[PollStageAppStatusExecution] 846298f7-a9cf-4b9f-a20b-63e370407f6e [2026-08-25T08:48:29.276192] NODE_MODULES_CACHE=true (STDOUT, STG)#
#2026 08 25 08:48:31.112#Z#DEBUG#9140a271-a061-11f1-b78a-eeee0a986e3f.ResilienceCockpit-srv#flowable-async-job-executor-thread-2367#
[PollStageAppStatusExecution] 846298f7-a9cf-4b9f-a20b-63e370407f6e [2026-08-25T08:48:29.276195] NODE_VERBOSE=false (STDOUT, STG)#
#2026 08 25 08:48:31.112#Z#DEBUG#9140a271-a061-11f1-b78a-eeee0a986e3f.ResilienceCockpit-srv#flowable-async-job-executor-thread-2367#
[PollStageAppStatusExecution] 846298f7-a9cf-4b9f-a20b-63e370407f6e [2026-08-25T08:48:29.276197] NPM_CONFIG_LOGLEVEL=error (STDOUT, STG)#
#2026 08 25 08:48:31.112#Z#DEBUG#9140a271-a061-11f1-b78a-eeee0a986e3f.ResilienceCockpit-srv#flowable-async-job-executor-thread-2367#
[PollStageAppStatusExecution] 846298f7-a9cf-4b9f-a20b-63e370407f6e [2026-08-25T08:48:29.276201] NPM_CONFIG_PRODUCTION=true (STDOUT, STG)#
#2026 08 25 08:48:31.112#Z#DEBUG#9140a271-a061-11f1-b78a-eeee0a986e3f.ResilienceCockpit-srv#flowable-async-job-executor-thread-2367#
[PollStageAppStatusExecution] 846298f7-a9cf-4b9f-a20b-63e370407f6e [2026-08-25T08:48:29.276216] -----> Building dependencies (STDOUT, STG)#
#2026 08 25 08:48:31.112#Z#DEBUG#9140a271-a061-11f1-b78a-eeee0a986e3f.ResilienceCockpit-srv#flowable-async-job-executor-thread-2367#
[PollStageAppStatusExecution] 846298f7-a9cf-4b9f-a20b-63e370407f6e [2026-08-25T08:48:29.276218] Prebuild detected (node_modules already exists) (STDOUT, STG)#
#2026 08 25 08:48:31.112#Z#DEBUG#9140a271-a061-11f1-b78a-eeee0a986e3f.ResilienceCockpit-srv#flowable-async-job-executor-thread-2367#
[PollStageAppStatusExecution] 846298f7-a9cf-4b9f-a20b-63e370407f6e [2026-08-25T08:48:29.276233] Rebuilding any native modules (STDOUT, STG)#
#2026 08 25 08:48:31.112#Z#DEBUG#9140a271-a061-11f1-b78a-eeee0a986e3f.ResilienceCockpit-srv#flowable-async-job-executor-thread-2367#
[PollStageAppStatusExecution] 846298f7-a9cf-4b9f-a20b-63e370407f6e [2026-08-25T08:48:29.844900] rebuilt dependencies successfully (STDOUT, STG)#
#2026 08 25 08:48:31.112#Z#DEBUG#9140a271-a061-11f1-b78a-eeee0a986e3f.ResilienceCockpit-srv#flowable-async-job-executor-thread-2367#
[PollStageAppStatusExecution] 846298f7-a9cf-4b9f-a20b-63e370407f6e [2026-08-25T08:48:29.846138] npm notice (STDOUT, STG)#
#2026 08 25 08:48:31.112#Z#DEBUG#9140a271-a061-11f1-b78a-eeee0a986e3f.ResilienceCockpit-srv#flowable-async-job-executor-thread-2367#
[PollStageAppStatusExecution] 846298f7-a9cf-4b9f-a20b-63e370407f6e [2026-08-25T08:48:29.846156] npm notice New major version of npm available! 11.16.0 -> 12.0.2 (STDOUT, STG)#
#2026 08 25 08:48:31.112#Z#DEBUG#9140a271-a061-11f1-b78a-eeee0a986e3f.ResilienceCockpit-srv#flowable-async-job-executor-thread-2367#
[PollStageAppStatusExecution] 846298f7-a9cf-4b9f-a20b-63e370407f6e [2026-08-25T08:48:29.846160] npm notice Changelog: https://github.com/npm/cli/releases/tag/v12.0.2 (STDOUT, STG)#
#2026 08 25 08:48:31.112#Z#DEBUG#9140a271-a061-11f1-b78a-eeee0a986e3f.ResilienceCockpit-srv#flowable-async-job-executor-thread-2367#
[PollStageAppStatusExecution] 846298f7-a9cf-4b9f-a20b-63e370407f6e [2026-08-25T08:48:29.846162] npm notice To update run: npm install -g npm@12.0.2 (STDOUT, STG)#
#2026 08 25 08:48:31.112#Z#DEBUG#9140a271-a061-11f1-b78a-eeee0a986e3f.ResilienceCockpit-srv#flowable-async-job-executor-thread-2367#
[PollStageAppStatusExecution] 846298f7-a9cf-4b9f-a20b-63e370407f6e [2026-08-25T08:48:29.846165] npm notice (STDOUT, STG)#
#2026 08 25 08:48:31.112#Z#DEBUG#9140a271-a061-11f1-b78a-eeee0a986e3f.ResilienceCockpit-srv#flowable-async-job-executor-thread-2367#
[PollStageAppStatusExecution] 846298f7-a9cf-4b9f-a20b-63e370407f6e [2026-08-25T08:48:29.893958] Installing any new modules (package.json + package-lock.json) (STDOUT, STG)#
#2026 08 25 08:48:31.112#Z#DEBUG#9140a271-a061-11f1-b78a-eeee0a986e3f.ResilienceCockpit-srv#flowable-async-job-executor-thread-2367#
[PollStageAppStatusExecution] 846298f7-a9cf-4b9f-a20b-63e370407f6e [2026-08-25T08:48:30.537541] up to date in 586ms (STDOUT, STG)#
#2026 08 25 08:48:31.112#Z#DEBUG#9140a271-a061-11f1-b78a-eeee0a986e3f.ResilienceCockpit-srv#flowable-async-job-executor-thread-2367#
[PollStageAppStatusExecution] 846298f7-a9cf-4b9f-a20b-63e370407f6e [2026-08-25T08:48:30.537612] 37 packages are looking for funding (STDOUT, STG)#
#2026 08 25 08:48:31.112#Z#DEBUG#9140a271-a061-11f1-b78a-eeee0a986e3f.ResilienceCockpit-srv#flowable-async-job-executor-thread-2367#
[PollStageAppStatusExecution] 846298f7-a9cf-4b9f-a20b-63e370407f6e [2026-08-25T08:48:30.537630] run `npm fund` for details (STDOUT, STG)#
#2026 08 25 08:48:41.039#Z#DEBUG#9140a271-a061-11f1-b78a-eeee0a986e3f.ResilienceCockpit-srv#flowable-async-job-executor-thread-11949#
[PollStageAppStatusExecution] 846298f7-a9cf-4b9f-a20b-63e370407f6e [2026-08-25T08:48:31.327931] Contrast Security no credentials found. Will not write environment files. (STDOUT, STG)#
#2026 08 25 08:48:51.108#Z#DEBUG#9140a271-a061-11f1-b78a-eeee0a986e3f.ResilienceCockpit-srv#flowable-async-job-executor-thread-11951#
[PollStageAppStatusExecution] 846298f7-a9cf-4b9f-a20b-63e370407f6e [2026-08-25T08:48:40.936586] Exit status 0 (STDOUT, STG)#
#2026 08 25 08:48:51.108#Z#DEBUG#9140a271-a061-11f1-b78a-eeee0a986e3f.ResilienceCockpit-srv#flowable-async-job-executor-thread-11951#
[PollStageAppStatusExecution] 846298f7-a9cf-4b9f-a20b-63e370407f6e [2026-08-25T08:48:40.936643] Uploading droplet, build artifacts cache... (STDOUT, STG)#
#2026 08 25 08:48:51.108#Z#DEBUG#9140a271-a061-11f1-b78a-eeee0a986e3f.ResilienceCockpit-srv#flowable-async-job-executor-thread-11951#
[PollStageAppStatusExecution] 846298f7-a9cf-4b9f-a20b-63e370407f6e [2026-08-25T08:48:40.936693] Uploading droplet... (STDOUT, STG)#
#2026 08 25 08:48:51.108#Z#DEBUG#9140a271-a061-11f1-b78a-eeee0a986e3f.ResilienceCockpit-srv#flowable-async-job-executor-thread-11951#
[PollStageAppStatusExecution] 846298f7-a9cf-4b9f-a20b-63e370407f6e [2026-08-25T08:48:40.936710] Uploading build artifacts cache... (STDOUT, STG)#
#2026 08 25 08:48:51.108#Z#DEBUG#9140a271-a061-11f1-b78a-eeee0a986e3f.ResilienceCockpit-srv#flowable-async-job-executor-thread-11951#
[PollStageAppStatusExecution] 846298f7-a9cf-4b9f-a20b-63e370407f6e [2026-08-25T08:48:40.955926] Uploaded build artifacts cache (222B) (STDOUT, STG)#
#2026 08 25 08:48:51.108#Z#DEBUG#9140a271-a061-11f1-b78a-eeee0a986e3f.ResilienceCockpit-srv#flowable-async-job-executor-thread-11951#
[PollStageAppStatusExecution] 846298f7-a9cf-4b9f-a20b-63e370407f6e [2026-08-25T08:48:41.580927] Creating droplet for app with guid 846298f7-a9cf-4b9f-a20b-63e370407f6e (STDOUT, API)#
#2026 08 25 08:48:51.108#Z#DEBUG#9140a271-a061-11f1-b78a-eeee0a986e3f.ResilienceCockpit-srv#flowable-async-job-executor-thread-11951#
[PollStageAppStatusExecution] 846298f7-a9cf-4b9f-a20b-63e370407f6e [2026-08-25T08:48:44.661556] Uploaded droplet (70.3M) (STDOUT, STG)#
#2026 08 25 08:48:51.108#Z#DEBUG#9140a271-a061-11f1-b78a-eeee0a986e3f.ResilienceCockpit-srv#flowable-async-job-executor-thread-11951#
[PollStageAppStatusExecution] 846298f7-a9cf-4b9f-a20b-63e370407f6e [2026-08-25T08:48:44.679124] Uploading complete (STDOUT, STG)#
#2026 08 25 08:48:51.108#Z#DEBUG#9140a271-a061-11f1-b78a-eeee0a986e3f.ResilienceCockpit-srv#flowable-async-job-executor-thread-11951#
[PollStageAppStatusExecution] 846298f7-a9cf-4b9f-a20b-63e370407f6e [2026-08-25T08:48:45.479642] Cell 13752499-11e5-4ce9-a7df-2188d5ab1e0d stopping instance ee24e400-048d-4e99-a950-ca2dda989c30 (STDOUT, STG)#
#2026 08 25 08:48:51.108#Z#DEBUG#9140a271-a061-11f1-b78a-eeee0a986e3f.ResilienceCockpit-srv#flowable-async-job-executor-thread-11951#
[PollStageAppStatusExecution] 846298f7-a9cf-4b9f-a20b-63e370407f6e [2026-08-25T08:48:45.479689] Cell 13752499-11e5-4ce9-a7df-2188d5ab1e0d destroying container for instance ee24e400-048d-4e99-a950-ca2dda989c30 (STDOUT, STG)#
#2026 08 25 08:48:51.108#Z#DEBUG#9140a271-a061-11f1-b78a-eeee0a986e3f.ResilienceCockpit-srv#flowable-async-job-executor-thread-11951#
[PollStageAppStatusExecution] 846298f7-a9cf-4b9f-a20b-63e370407f6e [2026-08-25T08:48:45.528829] Staging complete for build ee24e400-048d-4e99-a950-ca2dda989c30 (STDOUT, API)#
#2026 08 25 08:48:51.108#Z#DEBUG#9140a271-a061-11f1-b78a-eeee0a986e3f.ResilienceCockpit-srv#flowable-async-job-executor-thread-11951#
[PollStageAppStatusExecution] 846298f7-a9cf-4b9f-a20b-63e370407f6e [2026-08-25T08:48:48.221758] Cell 13752499-11e5-4ce9-a7df-2188d5ab1e0d successfully destroyed container for instance ee24e400-048d-4e99-a950-ca2dda989c30 (STDOUT, STG)#
#2026 08 25 08:49:01.096#Z#DEBUG#9140a271-a061-11f1-b78a-eeee0a986e3f.ResilienceCockpit-srv#flowable-async-job-executor-thread-11954#
[PollStartAppStatusExecution] 846298f7-a9cf-4b9f-a20b-63e370407f6e [2026-08-25T08:48:51.186024] Updated app with guid 846298f7-a9cf-4b9f-a20b-63e370407f6e ({:droplet_guid=>"eada6305-77f7-482d-a3f3-eeab2f87650c"}) (STDOUT, API)#
#2026 08 25 08:49:01.096#Z#DEBUG#9140a271-a061-11f1-b78a-eeee0a986e3f.ResilienceCockpit-srv#flowable-async-job-executor-thread-11954#
[PollStartAppStatusExecution] 846298f7-a9cf-4b9f-a20b-63e370407f6e [2026-08-25T08:48:51.336049] Creating revision for app with guid 846298f7-a9cf-4b9f-a20b-63e370407f6e (STDOUT, API)#
#2026 08 25 08:49:01.096#Z#DEBUG#9140a271-a061-11f1-b78a-eeee0a986e3f.ResilienceCockpit-srv#flowable-async-job-executor-thread-11954#
[PollStartAppStatusExecution] 846298f7-a9cf-4b9f-a20b-63e370407f6e [2026-08-25T08:48:51.369313] Starting app with guid 846298f7-a9cf-4b9f-a20b-63e370407f6e (STDOUT, API)#
#2026 08 25 08:49:01.096#Z#DEBUG#9140a271-a061-11f1-b78a-eeee0a986e3f.ResilienceCockpit-srv#flowable-async-job-executor-thread-11954#
[PollStartAppStatusExecution] 846298f7-a9cf-4b9f-a20b-63e370407f6e [2026-08-25T08:48:51.517940] Cell c343a1ce-501c-453d-aabd-5a2aaaa23496 creating container for instance d26f5c8d-e684-4c7f-4a01-48da (STDOUT, CELL)#
#2026 08 25 08:49:01.096#Z#DEBUG#9140a271-a061-11f1-b78a-eeee0a986e3f.ResilienceCockpit-srv#flowable-async-job-executor-thread-11954#
[PollStartAppStatusExecution] 846298f7-a9cf-4b9f-a20b-63e370407f6e [2026-08-25T08:48:51.800027] Security group rules were updated (STDOUT, CELL)#
#2026 08 25 08:49:01.096#Z#DEBUG#9140a271-a061-11f1-b78a-eeee0a986e3f.ResilienceCockpit-srv#flowable-async-job-executor-thread-11954#
[PollStartAppStatusExecution] 846298f7-a9cf-4b9f-a20b-63e370407f6e [2026-08-25T08:48:51.859311] Cell c343a1ce-501c-453d-aabd-5a2aaaa23496 successfully created container for instance d26f5c8d-e684-4c7f-4a01-48da (STDOUT, CELL)#
#2026 08 25 08:49:01.096#Z#DEBUG#9140a271-a061-11f1-b78a-eeee0a986e3f.ResilienceCockpit-srv#flowable-async-job-executor-thread-11954#
[PollStartAppStatusExecution] 846298f7-a9cf-4b9f-a20b-63e370407f6e [2026-08-25T08:48:52.642442] Downloading droplet... (STDOUT, CELL)#
#2026 08 25 08:49:01.096#Z#DEBUG#9140a271-a061-11f1-b78a-eeee0a986e3f.ResilienceCockpit-srv#flowable-async-job-executor-thread-11954#
[PollStartAppStatusExecution] 846298f7-a9cf-4b9f-a20b-63e370407f6e [2026-08-25T08:48:56.147098] Downloaded droplet (70.3M) (STDOUT, CELL)#
#2026 08 25 08:49:01.096#Z#DEBUG#9140a271-a061-11f1-b78a-eeee0a986e3f.ResilienceCockpit-srv#flowable-async-job-executor-thread-11954#
[PollStartAppStatusExecution] 846298f7-a9cf-4b9f-a20b-63e370407f6e [2026-08-25T08:48:56.147224] Starting health monitoring of container (STDOUT, CELL)#
#2026 08 25 08:49:01.096#Z#DEBUG#9140a271-a061-11f1-b78a-eeee0a986e3f.ResilienceCockpit-srv#flowable-async-job-executor-thread-11954#
[PollStartAppStatusExecution] 846298f7-a9cf-4b9f-a20b-63e370407f6e [2026-08-25T08:48:56.199761] Invoking pre-start scripts. (STDOUT, APP/PROC/WEB)#
#2026 08 25 08:49:01.096#Z#DEBUG#9140a271-a061-11f1-b78a-eeee0a986e3f.ResilienceCockpit-srv#flowable-async-job-executor-thread-11954#
[PollStartAppStatusExecution] 846298f7-a9cf-4b9f-a20b-63e370407f6e [2026-08-25T08:48:56.339725] Invoking start command. (STDOUT, APP/PROC/WEB)#
#2026 08 25 08:49:01.096#Z#DEBUG#9140a271-a061-11f1-b78a-eeee0a986e3f.ResilienceCockpit-srv#flowable-async-job-executor-thread-11954#
[PollStartAppStatusExecution] 846298f7-a9cf-4b9f-a20b-63e370407f6e [2026-08-25T08:48:56.629069] > ResilienceCockpit@1.0.0 start (STDOUT, APP/PROC/WEB)#
#2026 08 25 08:49:01.096#Z#DEBUG#9140a271-a061-11f1-b78a-eeee0a986e3f.ResilienceCockpit-srv#flowable-async-job-executor-thread-11954#
[PollStartAppStatusExecution] 846298f7-a9cf-4b9f-a20b-63e370407f6e [2026-08-25T08:48:56.629098] > cds-serve (STDOUT, APP/PROC/WEB)#
#2026 08 25 08:49:01.096#Z#DEBUG#9140a271-a061-11f1-b78a-eeee0a986e3f.ResilienceCockpit-srv#flowable-async-job-executor-thread-11954#
[PollStartAppStatusExecution] 846298f7-a9cf-4b9f-a20b-63e370407f6e [2026-08-25T08:48:56.802850] [cds] - bootstrapping from { file: 'srv/server.js' } (STDOUT, APP/PROC/WEB)#
#2026 08 25 08:49:01.096#Z#DEBUG#9140a271-a061-11f1-b78a-eeee0a986e3f.ResilienceCockpit-srv#flowable-async-job-executor-thread-11954#
[PollStartAppStatusExecution] 846298f7-a9cf-4b9f-a20b-63e370407f6e [2026-08-25T08:48:56.992704] {"level":"info","logger":"cds","timestamp":"2026-08-25T08:48:56.991Z","layer":"cds","component_type":"application","container_id":"10.37.192.4","component_id":"846298f7-a9cf-4b9f-a20b-63e370407f6e","component_name":"ResilienceCockpit-srv","component_instance":0,"source_instance":0,"organization_name":"94060551trial","organization_id":"78e7b825-503f-4bdc-af4e-be86d7f43c8e","space_name":"dev","space_id":"039a1fe6-69a4-4c1e-9b8f-a64d47329d3e","msg":"loaded model from 1 file(s):\n ","type":"log"} (STDOUT, APP/PROC/WEB)#
#2026 08 25 08:49:01.096#Z#DEBUG#9140a271-a061-11f1-b78a-eeee0a986e3f.ResilienceCockpit-srv#flowable-async-job-executor-thread-11954#
[PollStartAppStatusExecution] 846298f7-a9cf-4b9f-a20b-63e370407f6e [2026-08-25T08:48:56.992742] srv/csn.json (STDOUT, APP/PROC/WEB)#
#2026 08 25 08:49:01.096#Z#DEBUG#9140a271-a061-11f1-b78a-eeee0a986e3f.ResilienceCockpit-srv#flowable-async-job-executor-thread-11954#
[PollStartAppStatusExecution] 846298f7-a9cf-4b9f-a20b-63e370407f6e [2026-08-25T08:48:57.167840] {"level":"info","logger":"cds","timestamp":"2026-08-25T08:48:57.167Z","layer":"cds","component_type":"application","container_id":"10.37.192.4","component_id":"846298f7-a9cf-4b9f-a20b-63e370407f6e","component_name":"ResilienceCockpit-srv","component_instance":0,"source_instance":0,"organization_name":"94060551trial","organization_id":"78e7b825-503f-4bdc-af4e-be86d7f43c8e","space_name":"dev","space_id":"039a1fe6-69a4-4c1e-9b8f-a64d47329d3e","msg":"connect to db > hana {\n  url: 'jdbc:sap://eb9e608b-a8d8-462e-98e7-906abde25244.hna0.prod-us10.hanacloud.ondemand.com:443?encrypt=true&validateCertificate=true&currentschema=8697B1A4A8B84AC49EFF171810969752',\n  database_id: 'eb9e608b-a8d8-462e-98e7-906abde25244',\n  host: 'eb9e608b-a8d8-462e-98e7-906abde25244.hna0.prod-us10.hanacloud.ondemand.com',\n  port: '443',\n  driver: 'com.sap.db.jdbc.Driver',\n  schema: '8697B1A4A8B84AC49EFF171810969752',\n  certificate: '...',\n  hdi_user: '8697B1A4A8B84AC49EFF171810969752_B4SCSXTFML48V8NFH3EQ9TGHU_DT',\n  hdi_password: '...',\n  user: '8697B1A4A8B84AC49EFF171810969752_B4SCSXTFML48V8NFH3EQ9TGHU_RT',\n  password: '...'\n}","type":"log"} (STDOUT, APP/PROC/WEB)#
#2026 08 25 08:49:01.096#Z#DEBUG#9140a271-a061-11f1-b78a-eeee0a986e3f.ResilienceCockpit-srv#flowable-async-job-executor-thread-11954#
[PollStartAppStatusExecution] 846298f7-a9cf-4b9f-a20b-63e370407f6e [2026-08-25T08:48:57.256571] {"level":"info","logger":"cds","timestamp":"2026-08-25T08:48:57.256Z","layer":"cds","component_type":"application","container_id":"10.37.192.4","component_id":"846298f7-a9cf-4b9f-a20b-63e370407f6e","component_name":"ResilienceCockpit-srv","component_instance":0,"source_instance":0,"organization_name":"94060551trial","organization_id":"78e7b825-503f-4bdc-af4e-be86d7f43c8e","space_name":"dev","space_id":"039a1fe6-69a4-4c1e-9b8f-a64d47329d3e","msg":"connect to ShippingCostAPI > rest { destination: 'jsondb' }","type":"log"} (STDOUT, APP/PROC/WEB)#
#2026 08 25 08:49:01.096#Z#DEBUG#9140a271-a061-11f1-b78a-eeee0a986e3f.ResilienceCockpit-srv#flowable-async-job-executor-thread-11954#
[PollStartAppStatusExecution] 846298f7-a9cf-4b9f-a20b-63e370407f6e [2026-08-25T08:48:57.262028] {"level":"info","logger":"cds","timestamp":"2026-08-25T08:48:57.261Z","layer":"cds","component_type":"application","container_id":"10.37.192.4","component_id":"846298f7-a9cf-4b9f-a20b-63e370407f6e","component_name":"ResilienceCockpit-srv","component_instance":0,"source_instance":0,"organization_name":"94060551trial","organization_id":"78e7b825-503f-4bdc-af4e-be86d7f43c8e","space_name":"dev","space_id":"039a1fe6-69a4-4c1e-9b8f-a64d47329d3e","msg":"connect to API_INFORECORD_PROCESS_SRV > odata-v2 { destination: 'SAP_API_HUB' }","type":"log"} (STDOUT, APP/PROC/WEB)#
#2026 08 25 08:49:01.096#Z#DEBUG#9140a271-a061-11f1-b78a-eeee0a986e3f.ResilienceCockpit-srv#flowable-async-job-executor-thread-11954#
[PollStartAppStatusExecution] 846298f7-a9cf-4b9f-a20b-63e370407f6e [2026-08-25T08:48:57.276484] {"level":"info","logger":"cds","timestamp":"2026-08-25T08:48:57.276Z","layer":"cds","component_type":"application","container_id":"10.37.192.4","component_id":"846298f7-a9cf-4b9f-a20b-63e370407f6e","component_name":"ResilienceCockpit-srv","component_instance":0,"source_instance":0,"organization_name":"94060551trial","organization_id":"78e7b825-503f-4bdc-af4e-be86d7f43c8e","space_name":"dev","space_id":"039a1fe6-69a4-4c1e-9b8f-a64d47329d3e","msg":"using auth strategy { kind: 'xsuaa' }","type":"log"} (STDOUT, APP/PROC/WEB)#
#2026 08 25 08:49:01.096#Z#DEBUG#9140a271-a061-11f1-b78a-eeee0a986e3f.ResilienceCockpit-srv#flowable-async-job-executor-thread-11954#
[PollStartAppStatusExecution] 846298f7-a9cf-4b9f-a20b-63e370407f6e [2026-08-25T08:48:57.310462] {"level":"info","logger":"cds","timestamp":"2026-08-25T08:48:57.310Z","layer":"cds","component_type":"application","container_id":"10.37.192.4","component_id":"846298f7-a9cf-4b9f-a20b-63e370407f6e","component_name":"ResilienceCockpit-srv","component_instance":0,"source_instance":0,"organization_name":"94060551trial","organization_id":"78e7b825-503f-4bdc-af4e-be86d7f43c8e","space_name":"dev","space_id":"039a1fe6-69a4-4c1e-9b8f-a64d47329d3e","msg":"serving ResilienceCockpitService {\n  at: [ '/service/ResilienceCockpitService' ],\n  decl: 'srv/csn.json:313',\n  impl: 'srv/service.js'\n}","type":"log"} (STDOUT, APP/PROC/WEB)#
#2026 08 25 08:49:01.096#Z#DEBUG#9140a271-a061-11f1-b78a-eeee0a986e3f.ResilienceCockpit-srv#flowable-async-job-executor-thread-11954#
[PollStartAppStatusExecution] 846298f7-a9cf-4b9f-a20b-63e370407f6e [2026-08-25T08:48:57.314939] {"level":"info","logger":"cds","timestamp":"2026-08-25T08:48:57.314Z","layer":"cds","component_type":"application","container_id":"10.37.192.4","component_id":"846298f7-a9cf-4b9f-a20b-63e370407f6e","component_name":"ResilienceCockpit-srv","component_instance":0,"source_instance":0,"organization_name":"94060551trial","organization_id":"78e7b825-503f-4bdc-af4e-be86d7f43c8e","space_name":"dev","space_id":"039a1fe6-69a4-4c1e-9b8f-a64d47329d3e","msg":"server listening on { url: 'http://localhost:8080' }","type":"log"} (STDOUT, APP/PROC/WEB)#
#2026 08 25 08:49:01.096#Z#DEBUG#9140a271-a061-11f1-b78a-eeee0a986e3f.ResilienceCockpit-srv#flowable-async-job-executor-thread-11954#
[PollStartAppStatusExecution] 846298f7-a9cf-4b9f-a20b-63e370407f6e [2026-08-25T08:48:57.314979] {"level":"info","logger":"cds","timestamp":"2026-08-25T08:48:57.314Z","layer":"cds","component_type":"application","container_id":"10.37.192.4","component_id":"846298f7-a9cf-4b9f-a20b-63e370407f6e","component_name":"ResilienceCockpit-srv","component_instance":0,"source_instance":0,"organization_name":"94060551trial","organization_id":"78e7b825-503f-4bdc-af4e-be86d7f43c8e","space_name":"dev","space_id":"039a1fe6-69a4-4c1e-9b8f-a64d47329d3e","msg":"server v9.9.3 launched in 677 ms","type":"log"} (STDOUT, APP/PROC/WEB)#
#2026 08 25 08:49:01.096#Z#DEBUG#9140a271-a061-11f1-b78a-eeee0a986e3f.ResilienceCockpit-srv#flowable-async-job-executor-thread-11954#
[PollStartAppStatusExecution] 846298f7-a9cf-4b9f-a20b-63e370407f6e [2026-08-25T08:48:59.959079] Container became healthy (STDOUT, CELL)#
#2026 08 25 08:49:01.096#Z#DEBUG#9140a271-a061-11f1-b78a-eeee0a986e3f.ResilienceCockpit-srv#flowable-async-job-executor-thread-11954#
[PollStartAppStatusExecution] 846298f7-a9cf-4b9f-a20b-63e370407f6e [2026-08-25T08:48:59.984137] Process became ready with guid 846298f7-a9cf-4b9f-a20b-63e370407f6e payload: {"instance"=>"d26f5c8d-e684-4c7f-4a01-48da", "index"=>0, "cell_id"=>"c343a1ce-501c-453d-aabd-5a2aaaa23496", "ready"=>true, "version"=>"674462a7-2de7-45b2-aebc-5db8d4aa4e96"} (STDOUT, API)#
